------------------------------------------------------------
Timing Analyzer Summary
------------------------------------------------------------

Type  : Setup 'modulo_clock:comb_3|saida'
Slack : -9.286
TNS   : -95.766

Type  : Setup 'clock'
Slack : -4.407
TNS   : -59.364

Type  : Setup 'tratar_botao:tratar_botao_mudar_jogo|estado.11'
Slack : -2.794
TNS   : -15.373

Type  : Setup 'modo'
Slack : 1.224
TNS   : 0.000

Type  : Hold 'modo'
Slack : -3.223
TNS   : -31.186

Type  : Hold 'clock'
Slack : -1.104
TNS   : -1.104

Type  : Hold 'modulo_clock:comb_3|saida'
Slack : 0.628
TNS   : 0.000

Type  : Hold 'tratar_botao:tratar_botao_mudar_jogo|estado.11'
Slack : 1.813
TNS   : 0.000

Type  : Minimum Pulse Width 'clock'
Slack : -2.289
TNS   : -2.289

Type  : Minimum Pulse Width 'modo'
Slack : -2.289
TNS   : -2.289

Type  : Minimum Pulse Width 'modulo_clock:comb_3|saida'
Slack : 0.234
TNS   : 0.000

Type  : Minimum Pulse Width 'tratar_botao:tratar_botao_mudar_jogo|estado.11'
Slack : 0.234
TNS   : 0.000

------------------------------------------------------------
