Analysis & Synthesis report for p2_03
Mon Dec  4 22:32:15 2023
Quartus Prime Version 22.1std.2 Build 922 07/20/2023 SC Lite Edition


---------------------
; Table of Contents ;
---------------------
  1. Legal Notice
  2. Analysis & Synthesis Summary
  3. Analysis & Synthesis Settings
  4. Parallel Compilation
  5. Analysis & Synthesis Source Files Read
  6. Analysis & Synthesis Resource Usage Summary
  7. Analysis & Synthesis Resource Utilization by Entity
  8. State Machine - |modulo_principal|tratar_botao:tratar_botao_salvar_jogo|estado
  9. State Machine - |modulo_principal|tratar_botao:tratar_botao_confirmar_ataque|estado
 10. State Machine - |modulo_principal|tratar_botao:tratar_botao_mudar_jogo|estado
 11. User-Specified and Inferred Latches
 12. Registers Removed During Synthesis
 13. Removed Registers Triggering Further Register Optimizations
 14. General Register Statistics
 15. Multiplexer Restructuring Statistics (Restructuring Performed)
 16. Analysis & Synthesis Messages



----------------
; Legal Notice ;
----------------
Copyright (C) 2023  Intel Corporation. All rights reserved.
Your use of Intel Corporation's design tools, logic functions 
and other software and tools, and any partner logic 
functions, and any output files from any of the foregoing 
(including device programming or simulation files), and any 
associated documentation or information are expressly subject 
to the terms and conditions of the Intel Program License 
Subscription Agreement, the Intel Quartus Prime License Agreement,
the Intel FPGA IP License Agreement, or other applicable license
agreement, including, without limitation, that your use is for
the sole purpose of programming logic devices manufactured by
Intel and sold by Intel or its authorized distributors.  Please
refer to the applicable agreement for further details, at
https://fpgasoftware.intel.com/eula.



+------------------------------------------------------------------------------+
; Analysis & Synthesis Summary                                                 ;
+-----------------------------+------------------------------------------------+
; Analysis & Synthesis Status ; Successful - Mon Dec  4 22:32:15 2023          ;
; Quartus Prime Version       ; 22.1std.2 Build 922 07/20/2023 SC Lite Edition ;
; Revision Name               ; p2_03                                          ;
; Top-level Entity Name       ; modulo_principal                               ;
; Family                      ; MAX II                                         ;
; Total logic elements        ; 88                                             ;
; Total pins                  ; 24                                             ;
; Total virtual pins          ; 0                                              ;
; UFM blocks                  ; 0 / 1 ( 0 % )                                  ;
+-----------------------------+------------------------------------------------+


+------------------------------------------------------------------------------------------------------------+
; Analysis & Synthesis Settings                                                                              ;
+------------------------------------------------------------------+--------------------+--------------------+
; Option                                                           ; Setting            ; Default Value      ;
+------------------------------------------------------------------+--------------------+--------------------+
; Device                                                           ; EPM240T100C5       ;                    ;
; Top-level entity name                                            ; modulo_principal   ; p2_03              ;
; Family name                                                      ; MAX II             ; Cyclone V          ;
; Use smart compilation                                            ; Off                ; Off                ;
; Enable parallel Assembler and Timing Analyzer during compilation ; On                 ; On                 ;
; Enable compact report table                                      ; Off                ; Off                ;
; Restructure Multiplexers                                         ; Auto               ; Auto               ;
; Create Debugging Nodes for IP Cores                              ; Off                ; Off                ;
; Preserve fewer node names                                        ; On                 ; On                 ;
; Intel FPGA IP Evaluation Mode                                    ; Enable             ; Enable             ;
; Verilog Version                                                  ; Verilog_2001       ; Verilog_2001       ;
; VHDL Version                                                     ; VHDL_1993          ; VHDL_1993          ;
; State Machine Processing                                         ; Auto               ; Auto               ;
; Safe State Machine                                               ; Off                ; Off                ;
; Extract Verilog State Machines                                   ; On                 ; On                 ;
; Extract VHDL State Machines                                      ; On                 ; On                 ;
; Ignore Verilog initial constructs                                ; Off                ; Off                ;
; Iteration limit for constant Verilog loops                       ; 5000               ; 5000               ;
; Iteration limit for non-constant Verilog loops                   ; 250                ; 250                ;
; Add Pass-Through Logic to Inferred RAMs                          ; On                 ; On                 ;
; Infer RAMs from Raw Logic                                        ; On                 ; On                 ;
; Parallel Synthesis                                               ; On                 ; On                 ;
; NOT Gate Push-Back                                               ; On                 ; On                 ;
; Power-Up Don't Care                                              ; On                 ; On                 ;
; Remove Redundant Logic Cells                                     ; Off                ; Off                ;
; Remove Duplicate Registers                                       ; On                 ; On                 ;
; Ignore CARRY Buffers                                             ; Off                ; Off                ;
; Ignore CASCADE Buffers                                           ; Off                ; Off                ;
; Ignore GLOBAL Buffers                                            ; Off                ; Off                ;
; Ignore ROW GLOBAL Buffers                                        ; Off                ; Off                ;
; Ignore LCELL Buffers                                             ; Off                ; Off                ;
; Ignore SOFT Buffers                                              ; On                 ; On                 ;
; Limit AHDL Integers to 32 Bits                                   ; Off                ; Off                ;
; Optimization Technique                                           ; Balanced           ; Balanced           ;
; Carry Chain Length                                               ; 70                 ; 70                 ;
; Auto Carry Chains                                                ; On                 ; On                 ;
; Auto Open-Drain Pins                                             ; On                 ; On                 ;
; Perform WYSIWYG Primitive Resynthesis                            ; Off                ; Off                ;
; Auto Shift Register Replacement                                  ; Auto               ; Auto               ;
; Allow Shift Register Merging across Hierarchies                  ; Auto               ; Auto               ;
; Auto Clock Enable Replacement                                    ; On                 ; On                 ;
; Allow Synchronous Control Signals                                ; On                 ; On                 ;
; Force Use of Synchronous Clear Signals                           ; Off                ; Off                ;
; Auto Resource Sharing                                            ; Off                ; Off                ;
; Use LogicLock Constraints during Resource Balancing              ; On                 ; On                 ;
; Ignore translate_off and synthesis_off directives                ; Off                ; Off                ;
; Report Parameter Settings                                        ; On                 ; On                 ;
; Report Source Assignments                                        ; On                 ; On                 ;
; Report Connectivity Checks                                       ; On                 ; On                 ;
; Ignore Maximum Fan-Out Assignments                               ; Off                ; Off                ;
; Synchronization Register Chain Length                            ; 2                  ; 2                  ;
; Power Optimization During Synthesis                              ; Normal compilation ; Normal compilation ;
; HDL message level                                                ; Level2             ; Level2             ;
; Suppress Register Optimization Related Messages                  ; Off                ; Off                ;
; Number of Removed Registers Reported in Synthesis Report         ; 5000               ; 5000               ;
; Number of Swept Nodes Reported in Synthesis Report               ; 5000               ; 5000               ;
; Number of Inverted Registers Reported in Synthesis Report        ; 100                ; 100                ;
; Clock MUX Protection                                             ; On                 ; On                 ;
; Block Design Naming                                              ; Auto               ; Auto               ;
; Synthesis Effort                                                 ; Auto               ; Auto               ;
; Shift Register Replacement - Allow Asynchronous Clear Signal     ; On                 ; On                 ;
; Analysis & Synthesis Message Level                               ; Medium             ; Medium             ;
; Disable Register Merging Across Hierarchies                      ; Auto               ; Auto               ;
+------------------------------------------------------------------+--------------------+--------------------+


+------------------------------------------+
; Parallel Compilation                     ;
+----------------------------+-------------+
; Processors                 ; Number      ;
+----------------------------+-------------+
; Number detected on machine ; 4           ;
; Maximum allowed            ; 2           ;
;                            ;             ;
; Average used               ; 1.00        ;
; Maximum used               ; 1           ;
;                            ;             ;
; Usage by Processor         ; % Time Used ;
;     Processor 1            ; 100.0%      ;
+----------------------------+-------------+


+------------------------------------------------------------------------------------------------------------------------------------------------------------------+
; Analysis & Synthesis Source Files Read                                                                                                                           ;
+----------------------------------+-----------------+------------------------+--------------------------------------------------------------------------+---------+
; File Name with User-Entered Path ; Used in Netlist ; File Type              ; File Name with Absolute Path                                             ; Library ;
+----------------------------------+-----------------+------------------------+--------------------------------------------------------------------------+---------+
; modulo_clock.v                   ; yes             ; User Verilog HDL File  ; D:/Documents/ProjectsQuartus/MI2023.2 P2 TESTE02/modulo_clock.v          ;         ;
; tratar_botao.v                   ; yes             ; User Verilog HDL File  ; D:/Documents/ProjectsQuartus/MI2023.2 P2 TESTE02/tratar_botao.v          ;         ;
; matriz.v                         ; yes             ; User Verilog HDL File  ; D:/Documents/ProjectsQuartus/MI2023.2 P2 TESTE02/matriz.v                ;         ;
; mudar_jogo.v                     ; yes             ; User Verilog HDL File  ; D:/Documents/ProjectsQuartus/MI2023.2 P2 TESTE02/mudar_jogo.v            ;         ;
; modulo_principal.v               ; yes             ; User Verilog HDL File  ; D:/Documents/ProjectsQuartus/MI2023.2 P2 TESTE02/modulo_principal.v      ;         ;
; controlador_principal.v          ; yes             ; User Verilog HDL File  ; D:/Documents/ProjectsQuartus/MI2023.2 P2 TESTE02/controlador_principal.v ;         ;
+----------------------------------+-----------------+------------------------+--------------------------------------------------------------------------+---------+


+-------------------------------------------------------------------------+
; Analysis & Synthesis Resource Usage Summary                             ;
+---------------------------------------------+---------------------------+
; Resource                                    ; Usage                     ;
+---------------------------------------------+---------------------------+
; Total logic elements                        ; 88                        ;
;     -- Combinational with no register       ; 45                        ;
;     -- Register only                        ; 3                         ;
;     -- Combinational with a register        ; 40                        ;
;                                             ;                           ;
; Logic element usage by number of LUT inputs ;                           ;
;     -- 4 input functions                    ; 32                        ;
;     -- 3 input functions                    ; 20                        ;
;     -- 2 input functions                    ; 31                        ;
;     -- 1 input functions                    ; 2                         ;
;     -- 0 input functions                    ; 0                         ;
;                                             ;                           ;
; Logic elements by mode                      ;                           ;
;     -- normal mode                          ; 73                        ;
;     -- arithmetic mode                      ; 15                        ;
;     -- qfbk mode                            ; 0                         ;
;     -- register cascade mode                ; 0                         ;
;     -- synchronous clear/load mode          ; 5                         ;
;     -- asynchronous clear/load mode         ; 0                         ;
;                                             ;                           ;
; Total registers                             ; 43                        ;
; Total logic cells in carry chains           ; 16                        ;
; I/O pins                                    ; 24                        ;
; Maximum fan-out node                        ; modulo_clock:comb_3|saida ;
; Maximum fan-out                             ; 20                        ;
; Total fan-out                               ; 319                       ;
; Average fan-out                             ; 2.85                      ;
+---------------------------------------------+---------------------------+


+--------------------------------------------------------------------------------------------------------------------------------------------------------------------------------------------------------------------------------------------------------------------------------------------------+
; Analysis & Synthesis Resource Utilization by Entity                                                                                                                                                                                                                                              ;
+--------------------------------------------+-------------+--------------+------------+------+--------------+--------------+-------------------+------------------+-----------------+------------+---------------------------------------------------------+-----------------------+--------------+
; Compilation Hierarchy Node                 ; Logic Cells ; LC Registers ; UFM Blocks ; Pins ; Virtual Pins ; LUT-Only LCs ; Register-Only LCs ; LUT/Register LCs ; Carry Chain LCs ; Packed LCs ; Full Hierarchy Name                                     ; Entity Name           ; Library Name ;
+--------------------------------------------+-------------+--------------+------------+------+--------------+--------------+-------------------+------------------+-----------------+------------+---------------------------------------------------------+-----------------------+--------------+
; |modulo_principal                          ; 88 (0)      ; 43           ; 0          ; 24   ; 0            ; 45 (0)       ; 3 (0)             ; 40 (0)           ; 16 (0)          ; 0 (0)      ; |modulo_principal                                       ; modulo_principal      ; work         ;
;    |controlador_principal:controlador|     ; 20 (20)     ; 0            ; 0          ; 0    ; 0            ; 20 (20)      ; 0 (0)             ; 0 (0)            ; 0 (0)           ; 0 (0)      ; |modulo_principal|controlador_principal:controlador     ; controlador_principal ; work         ;
;    |matriz:matriz|                         ; 35 (35)     ; 15           ; 0          ; 0    ; 0            ; 20 (20)      ; 2 (2)             ; 13 (13)          ; 0 (0)           ; 0 (0)      ; |modulo_principal|matriz:matriz                         ; matriz                ; work         ;
;    |modulo_clock:comb_3|                   ; 22 (22)     ; 17           ; 0          ; 0    ; 0            ; 5 (5)        ; 0 (0)             ; 17 (17)          ; 16 (16)         ; 0 (0)      ; |modulo_principal|modulo_clock:comb_3                   ; modulo_clock          ; work         ;
;    |mudar_jogo:mudar_jogo|                 ; 7 (7)       ; 7            ; 0          ; 0    ; 0            ; 0 (0)        ; 1 (1)             ; 6 (6)            ; 0 (0)           ; 0 (0)      ; |modulo_principal|mudar_jogo:mudar_jogo                 ; mudar_jogo            ; work         ;
;    |tratar_botao:tratar_botao_mudar_jogo|  ; 2 (2)       ; 2            ; 0          ; 0    ; 0            ; 0 (0)        ; 0 (0)             ; 2 (2)            ; 0 (0)           ; 0 (0)      ; |modulo_principal|tratar_botao:tratar_botao_mudar_jogo  ; tratar_botao          ; work         ;
;    |tratar_botao:tratar_botao_salvar_jogo| ; 2 (2)       ; 2            ; 0          ; 0    ; 0            ; 0 (0)        ; 0 (0)             ; 2 (2)            ; 0 (0)           ; 0 (0)      ; |modulo_principal|tratar_botao:tratar_botao_salvar_jogo ; tratar_botao          ; work         ;
+--------------------------------------------+-------------+--------------+------------+------+--------------+--------------+-------------------+------------------+-----------------+------------+---------------------------------------------------------+-----------------------+--------------+
Note: For table entries with two numbers listed, the numbers in parentheses indicate the number of resources of the given type used by the specific entity alone. The numbers listed outside of parentheses indicate the total resources of the given type used by the specific entity and all of its sub-entities in the hierarchy.


Encoding Type:  One-Hot
+--------------------------------------------------------------------------------+
; State Machine - |modulo_principal|tratar_botao:tratar_botao_salvar_jogo|estado ;
+-----------+-----------+-----------+--------------------------------------------+
; Name      ; estado.01 ; estado.11 ; estado.00                                  ;
+-----------+-----------+-----------+--------------------------------------------+
; estado.00 ; 0         ; 0         ; 0                                          ;
; estado.01 ; 1         ; 0         ; 1                                          ;
; estado.11 ; 0         ; 1         ; 1                                          ;
+-----------+-----------+-----------+--------------------------------------------+


Encoding Type:  One-Hot
+-------------------------------------------------------------------------------------+
; State Machine - |modulo_principal|tratar_botao:tratar_botao_confirmar_ataque|estado ;
+-----------+-----------+-----------+-------------------------------------------------+
; Name      ; estado.01 ; estado.11 ; estado.00                                       ;
+-----------+-----------+-----------+-------------------------------------------------+
; estado.00 ; 0         ; 0         ; 0                                               ;
; estado.01 ; 1         ; 0         ; 1                                               ;
; estado.11 ; 0         ; 1         ; 1                                               ;
+-----------+-----------+-----------+-------------------------------------------------+


Encoding Type:  One-Hot
+-------------------------------------------------------------------------------+
; State Machine - |modulo_principal|tratar_botao:tratar_botao_mudar_jogo|estado ;
+-----------+-----------+-----------+-------------------------------------------+
; Name      ; estado.01 ; estado.11 ; estado.00                                 ;
+-----------+-----------+-----------+-------------------------------------------+
; estado.00 ; 0         ; 0         ; 0                                         ;
; estado.01 ; 1         ; 0         ; 1                                         ;
; estado.11 ; 0         ; 1         ; 1                                         ;
+-----------+-----------+-----------+-------------------------------------------+


+--------------------------------------------------------------------------------------------------------------------------------------------+
; User-Specified and Inferred Latches                                                                                                        ;
+---------------------------------------------------------+---------------------------------------------------------+------------------------+
; Latch Name                                              ; Latch Enable Signal                                     ; Free of Timing Hazards ;
+---------------------------------------------------------+---------------------------------------------------------+------------------------+
; controlador_principal:controlador|coluna1_jogo_salvo[0] ; controlador_principal:controlador|coluna5_jogo_salvo[1] ; yes                    ;
; controlador_principal:controlador|coluna2_jogo_salvo[0] ; controlador_principal:controlador|coluna5_jogo_salvo[1] ; yes                    ;
; controlador_principal:controlador|coluna5_jogo_salvo[0] ; controlador_principal:controlador|coluna5_jogo_salvo[1] ; yes                    ;
; controlador_principal:controlador|coluna3_jogo_salvo[1] ; controlador_principal:controlador|coluna5_jogo_salvo[1] ; yes                    ;
; controlador_principal:controlador|coluna2_jogo_salvo[1] ; controlador_principal:controlador|coluna5_jogo_salvo[1] ; yes                    ;
; controlador_principal:controlador|coluna1_jogo_salvo[1] ; controlador_principal:controlador|coluna5_jogo_salvo[1] ; yes                    ;
; controlador_principal:controlador|coluna4_jogo_salvo[1] ; controlador_principal:controlador|coluna5_jogo_salvo[1] ; yes                    ;
; controlador_principal:controlador|coluna5_jogo_salvo[1] ; controlador_principal:controlador|coluna5_jogo_salvo[1] ; yes                    ;
; controlador_principal:controlador|coluna1_jogo_salvo[2] ; controlador_principal:controlador|coluna5_jogo_salvo[1] ; yes                    ;
; controlador_principal:controlador|coluna5_jogo_salvo[2] ; controlador_principal:controlador|coluna5_jogo_salvo[1] ; yes                    ;
; controlador_principal:controlador|coluna3_jogo_salvo[3] ; controlador_principal:controlador|coluna5_jogo_salvo[1] ; yes                    ;
; controlador_principal:controlador|coluna2_jogo_salvo[3] ; controlador_principal:controlador|coluna5_jogo_salvo[1] ; yes                    ;
; controlador_principal:controlador|coluna1_jogo_salvo[3] ; controlador_principal:controlador|coluna5_jogo_salvo[1] ; yes                    ;
; controlador_principal:controlador|coluna4_jogo_salvo[3] ; controlador_principal:controlador|coluna5_jogo_salvo[1] ; yes                    ;
; controlador_principal:controlador|coluna5_jogo_salvo[3] ; controlador_principal:controlador|coluna5_jogo_salvo[1] ; yes                    ;
; controlador_principal:controlador|coluna1_jogo_salvo[4] ; controlador_principal:controlador|coluna5_jogo_salvo[1] ; yes                    ;
; controlador_principal:controlador|coluna2_jogo_salvo[4] ; controlador_principal:controlador|coluna5_jogo_salvo[1] ; yes                    ;
; controlador_principal:controlador|coluna4_jogo_salvo[4] ; controlador_principal:controlador|coluna5_jogo_salvo[1] ; yes                    ;
; controlador_principal:controlador|coluna5_jogo_salvo[4] ; controlador_principal:controlador|coluna5_jogo_salvo[1] ; yes                    ;
; controlador_principal:controlador|coluna2_jogo_salvo[5] ; controlador_principal:controlador|coluna5_jogo_salvo[1] ; yes                    ;
; controlador_principal:controlador|coluna3_jogo_salvo[5] ; controlador_principal:controlador|coluna5_jogo_salvo[1] ; yes                    ;
; controlador_principal:controlador|coluna1_jogo_salvo[5] ; controlador_principal:controlador|coluna5_jogo_salvo[1] ; yes                    ;
; controlador_principal:controlador|coluna4_jogo_salvo[5] ; controlador_principal:controlador|coluna5_jogo_salvo[1] ; yes                    ;
; controlador_principal:controlador|coluna5_jogo_salvo[5] ; controlador_principal:controlador|coluna5_jogo_salvo[1] ; yes                    ;
; controlador_principal:controlador|coluna3_jogo_salvo[6] ; controlador_principal:controlador|coluna5_jogo_salvo[1] ; yes                    ;
; controlador_principal:controlador|coluna2_jogo_salvo[6] ; controlador_principal:controlador|coluna5_jogo_salvo[1] ; yes                    ;
; controlador_principal:controlador|coluna1_jogo_salvo[6] ; controlador_principal:controlador|coluna5_jogo_salvo[1] ; yes                    ;
; controlador_principal:controlador|coluna4_jogo_salvo[6] ; controlador_principal:controlador|coluna5_jogo_salvo[1] ; yes                    ;
; controlador_principal:controlador|coluna5_jogo_salvo[6] ; controlador_principal:controlador|coluna5_jogo_salvo[1] ; yes                    ;
; Number of user-specified and inferred latches = 29      ;                                                         ;                        ;
+---------------------------------------------------------+---------------------------------------------------------+------------------------+
Note: All latches listed above may not be present at the end of synthesis due to various synthesis optimizations.


+-----------------------------------------------------------------------------------------------------+
; Registers Removed During Synthesis                                                                  ;
+------------------------------------------------------+----------------------------------------------+
; Register name                                        ; Reason for Removal                           ;
+------------------------------------------------------+----------------------------------------------+
; matriz:matriz|contador[3]                            ; Stuck at GND due to stuck port data_in       ;
; mudar_jogo:mudar_jogo|coluna3[0]                     ; Stuck at VCC due to stuck port data_in       ;
; mudar_jogo:mudar_jogo|coluna4[0,2]                   ; Stuck at VCC due to stuck port data_in       ;
; mudar_jogo:mudar_jogo|coluna3[2,4]                   ; Stuck at VCC due to stuck port data_in       ;
; mudar_jogo:mudar_jogo|coluna2[2]                     ; Stuck at VCC due to stuck port data_in       ;
; mudar_jogo:mudar_jogo|coluna1[1,6]                   ; Merged with mudar_jogo:mudar_jogo|coluna4[6] ;
; mudar_jogo:mudar_jogo|coluna2[5]                     ; Merged with mudar_jogo:mudar_jogo|coluna4[6] ;
; mudar_jogo:mudar_jogo|coluna1[3]                     ; Merged with mudar_jogo:mudar_jogo|coluna4[6] ;
; mudar_jogo:mudar_jogo|coluna2[3]                     ; Merged with mudar_jogo:mudar_jogo|coluna4[6] ;
; mudar_jogo:mudar_jogo|coluna5[6]                     ; Merged with mudar_jogo:mudar_jogo|coluna4[6] ;
; mudar_jogo:mudar_jogo|coluna3[3]                     ; Merged with mudar_jogo:mudar_jogo|coluna4[5] ;
; mudar_jogo:mudar_jogo|coluna4[4]                     ; Merged with mudar_jogo:mudar_jogo|coluna4[5] ;
; mudar_jogo:mudar_jogo|coluna2[1]                     ; Merged with mudar_jogo:mudar_jogo|coluna4[3] ;
; mudar_jogo:mudar_jogo|coluna5[3]                     ; Merged with mudar_jogo:mudar_jogo|coluna4[3] ;
; mudar_jogo:mudar_jogo|coluna1[2]                     ; Merged with mudar_jogo:mudar_jogo|coluna4[3] ;
; mudar_jogo:mudar_jogo|coluna4[1]                     ; Merged with mudar_jogo:mudar_jogo|coluna4[3] ;
; mudar_jogo:mudar_jogo|coluna5[0..2]                  ; Merged with mudar_jogo:mudar_jogo|coluna4[3] ;
; mudar_jogo:mudar_jogo|coluna1[0]                     ; Merged with mudar_jogo:mudar_jogo|coluna5[5] ;
; mudar_jogo:mudar_jogo|coluna2[6]                     ; Merged with mudar_jogo:mudar_jogo|coluna5[5] ;
; mudar_jogo:mudar_jogo|coluna3[6]                     ; Merged with mudar_jogo:mudar_jogo|coluna5[5] ;
; mudar_jogo:mudar_jogo|coluna1[4]                     ; Merged with mudar_jogo:mudar_jogo|coluna5[5] ;
; mudar_jogo:mudar_jogo|coluna5[4]                     ; Merged with mudar_jogo:mudar_jogo|coluna5[5] ;
; mudar_jogo:mudar_jogo|jogo[0]                        ; Merged with mudar_jogo:mudar_jogo|coluna5[5] ;
; mudar_jogo:mudar_jogo|coluna2[0]                     ; Merged with mudar_jogo:mudar_jogo|jogo[1]    ;
; mudar_jogo:mudar_jogo|coluna2[4]                     ; Merged with mudar_jogo:mudar_jogo|coluna3[1] ;
; mudar_jogo:mudar_jogo|coluna1[5]                     ; Merged with mudar_jogo:mudar_jogo|coluna3[5] ;
; tratar_botao:tratar_botao_salvar_jogo|estado.00      ; Lost fanout                                  ;
; tratar_botao:tratar_botao_confirmar_ataque|estado.00 ; Lost fanout                                  ;
; tratar_botao:tratar_botao_confirmar_ataque|estado.11 ; Lost fanout                                  ;
; tratar_botao:tratar_botao_mudar_jogo|estado.00       ; Lost fanout                                  ;
; tratar_botao:tratar_botao_confirmar_ataque|estado.01 ; Lost fanout                                  ;
; Total Number of Removed Registers = 36               ;                                              ;
+------------------------------------------------------+----------------------------------------------+


+----------------------------------------------------------------------------------------------------------------------------------+
; Removed Registers Triggering Further Register Optimizations                                                                      ;
+------------------------------------------------------+--------------------+------------------------------------------------------+
; Register name                                        ; Reason for Removal ; Registers Removed due to This Register               ;
+------------------------------------------------------+--------------------+------------------------------------------------------+
; tratar_botao:tratar_botao_confirmar_ataque|estado.11 ; Lost Fanouts       ; tratar_botao:tratar_botao_confirmar_ataque|estado.01 ;
+------------------------------------------------------+--------------------+------------------------------------------------------+


+------------------------------------------------------+
; General Register Statistics                          ;
+----------------------------------------------+-------+
; Statistic                                    ; Value ;
+----------------------------------------------+-------+
; Total registers                              ; 43    ;
; Number of registers using Synchronous Clear  ; 5     ;
; Number of registers using Synchronous Load   ; 0     ;
; Number of registers using Asynchronous Clear ; 0     ;
; Number of registers using Asynchronous Load  ; 0     ;
; Number of registers using Clock Enable       ; 4     ;
; Number of registers using Preset             ; 0     ;
+----------------------------------------------+-------+


+----------------------------------------------------------------------------------------------------------------------------------------------------------+
; Multiplexer Restructuring Statistics (Restructuring Performed)                                                                                           ;
+--------------------+-----------+---------------+----------------------+------------------------+------------+--------------------------------------------+
; Multiplexer Inputs ; Bus Width ; Baseline Area ; Area if Restructured ; Saving if Restructured ; Registered ; Example Multiplexer Output                 ;
+--------------------+-----------+---------------+----------------------+------------------------+------------+--------------------------------------------+
; 8:1                ; 5 bits    ; 25 LEs        ; 15 LEs               ; 10 LEs                 ; Yes        ; |modulo_principal|matriz:matriz|colunas[0] ;
+--------------------+-----------+---------------+----------------------+------------------------+------------+--------------------------------------------+


+-------------------------------+
; Analysis & Synthesis Messages ;
+-------------------------------+
Info: *******************************************************************
Info: Running Quartus Prime Analysis & Synthesis
    Info: Version 22.1std.2 Build 922 07/20/2023 SC Lite Edition
    Info: Processing started: Mon Dec  4 22:32:05 2023
Info: Command: quartus_map --read_settings_files=on --write_settings_files=off p2_03 -c p2_03
Warning (18236): Number of processors has not been specified which may cause overloading on shared machines.  Set the global assignment NUM_PARALLEL_PROCESSORS in your QSF to an appropriate value for best performance.
Info (20030): Parallel compilation is enabled and will use 2 of the 2 processors detected
Info (12021): Found 1 design units, including 1 entities, in source file modulo_clock.v
    Info (12023): Found entity 1: modulo_clock File: D:/Documents/ProjectsQuartus/MI2023.2 P2 TESTE02/modulo_clock.v Line: 1
Info (12021): Found 1 design units, including 1 entities, in source file tratar_botao.v
    Info (12023): Found entity 1: tratar_botao File: D:/Documents/ProjectsQuartus/MI2023.2 P2 TESTE02/tratar_botao.v Line: 1
Info (12021): Found 1 design units, including 1 entities, in source file matriz.v
    Info (12023): Found entity 1: matriz File: D:/Documents/ProjectsQuartus/MI2023.2 P2 TESTE02/matriz.v Line: 1
Info (12021): Found 1 design units, including 1 entities, in source file mudar_jogo.v
    Info (12023): Found entity 1: mudar_jogo File: D:/Documents/ProjectsQuartus/MI2023.2 P2 TESTE02/mudar_jogo.v Line: 2
Info (12021): Found 1 design units, including 1 entities, in source file modulo_principal.v
    Info (12023): Found entity 1: modulo_principal File: D:/Documents/ProjectsQuartus/MI2023.2 P2 TESTE02/modulo_principal.v Line: 1
Info (12021): Found 1 design units, including 1 entities, in source file controlador_principal.v
    Info (12023): Found entity 1: controlador_principal File: D:/Documents/ProjectsQuartus/MI2023.2 P2 TESTE02/controlador_principal.v Line: 1
Critical Warning (10846): Verilog HDL Instantiation warning at modulo_principal.v(23): instance has no name File: D:/Documents/ProjectsQuartus/MI2023.2 P2 TESTE02/modulo_principal.v Line: 23
Info (12127): Elaborating entity "modulo_principal" for the top level hierarchy
Info (12128): Elaborating entity "modulo_clock" for hierarchy "modulo_clock:comb_3" File: D:/Documents/ProjectsQuartus/MI2023.2 P2 TESTE02/modulo_principal.v Line: 23
Info (12128): Elaborating entity "tratar_botao" for hierarchy "tratar_botao:tratar_botao_mudar_jogo" File: D:/Documents/ProjectsQuartus/MI2023.2 P2 TESTE02/modulo_principal.v Line: 30
Info (12128): Elaborating entity "mudar_jogo" for hierarchy "mudar_jogo:mudar_jogo" File: D:/Documents/ProjectsQuartus/MI2023.2 P2 TESTE02/modulo_principal.v Line: 53
Warning (10230): Verilog HDL assignment warning at mudar_jogo.v(20): truncated value with size 32 to match size of target (2) File: D:/Documents/ProjectsQuartus/MI2023.2 P2 TESTE02/mudar_jogo.v Line: 20
Warning (10230): Verilog HDL assignment warning at mudar_jogo.v(28): truncated value with size 32 to match size of target (2) File: D:/Documents/ProjectsQuartus/MI2023.2 P2 TESTE02/mudar_jogo.v Line: 28
Warning (10230): Verilog HDL assignment warning at mudar_jogo.v(36): truncated value with size 32 to match size of target (2) File: D:/Documents/ProjectsQuartus/MI2023.2 P2 TESTE02/mudar_jogo.v Line: 36
Info (12128): Elaborating entity "controlador_principal" for hierarchy "controlador_principal:controlador" File: D:/Documents/ProjectsQuartus/MI2023.2 P2 TESTE02/modulo_principal.v Line: 72
Warning (10240): Verilog HDL Always Construct warning at controlador_principal.v(27): inferring latch(es) for variable "coluna1_jogo_salvo", which holds its previous value in one or more paths through the always construct File: D:/Documents/ProjectsQuartus/MI2023.2 P2 TESTE02/controlador_principal.v Line: 27
Warning (10240): Verilog HDL Always Construct warning at controlador_principal.v(27): inferring latch(es) for variable "coluna2_jogo_salvo", which holds its previous value in one or more paths through the always construct File: D:/Documents/ProjectsQuartus/MI2023.2 P2 TESTE02/controlador_principal.v Line: 27
Warning (10240): Verilog HDL Always Construct warning at controlador_principal.v(27): inferring latch(es) for variable "coluna3_jogo_salvo", which holds its previous value in one or more paths through the always construct File: D:/Documents/ProjectsQuartus/MI2023.2 P2 TESTE02/controlador_principal.v Line: 27
Warning (10240): Verilog HDL Always Construct warning at controlador_principal.v(27): inferring latch(es) for variable "coluna4_jogo_salvo", which holds its previous value in one or more paths through the always construct File: D:/Documents/ProjectsQuartus/MI2023.2 P2 TESTE02/controlador_principal.v Line: 27
Warning (10240): Verilog HDL Always Construct warning at controlador_principal.v(27): inferring latch(es) for variable "coluna5_jogo_salvo", which holds its previous value in one or more paths through the always construct File: D:/Documents/ProjectsQuartus/MI2023.2 P2 TESTE02/controlador_principal.v Line: 27
Info (10041): Inferred latch for "coluna5_jogo_salvo[0]" at controlador_principal.v(51) File: D:/Documents/ProjectsQuartus/MI2023.2 P2 TESTE02/controlador_principal.v Line: 51
Info (10041): Inferred latch for "coluna5_jogo_salvo[1]" at controlador_principal.v(51) File: D:/Documents/ProjectsQuartus/MI2023.2 P2 TESTE02/controlador_principal.v Line: 51
Info (10041): Inferred latch for "coluna5_jogo_salvo[2]" at controlador_principal.v(51) File: D:/Documents/ProjectsQuartus/MI2023.2 P2 TESTE02/controlador_principal.v Line: 51
Info (10041): Inferred latch for "coluna5_jogo_salvo[3]" at controlador_principal.v(51) File: D:/Documents/ProjectsQuartus/MI2023.2 P2 TESTE02/controlador_principal.v Line: 51
Info (10041): Inferred latch for "coluna5_jogo_salvo[4]" at controlador_principal.v(51) File: D:/Documents/ProjectsQuartus/MI2023.2 P2 TESTE02/controlador_principal.v Line: 51
Info (10041): Inferred latch for "coluna5_jogo_salvo[5]" at controlador_principal.v(51) File: D:/Documents/ProjectsQuartus/MI2023.2 P2 TESTE02/controlador_principal.v Line: 51
Info (10041): Inferred latch for "coluna5_jogo_salvo[6]" at controlador_principal.v(51) File: D:/Documents/ProjectsQuartus/MI2023.2 P2 TESTE02/controlador_principal.v Line: 51
Info (10041): Inferred latch for "coluna4_jogo_salvo[0]" at controlador_principal.v(51) File: D:/Documents/ProjectsQuartus/MI2023.2 P2 TESTE02/controlador_principal.v Line: 51
Info (10041): Inferred latch for "coluna4_jogo_salvo[1]" at controlador_principal.v(51) File: D:/Documents/ProjectsQuartus/MI2023.2 P2 TESTE02/controlador_principal.v Line: 51
Info (10041): Inferred latch for "coluna4_jogo_salvo[2]" at controlador_principal.v(51) File: D:/Documents/ProjectsQuartus/MI2023.2 P2 TESTE02/controlador_principal.v Line: 51
Info (10041): Inferred latch for "coluna4_jogo_salvo[3]" at controlador_principal.v(51) File: D:/Documents/ProjectsQuartus/MI2023.2 P2 TESTE02/controlador_principal.v Line: 51
Info (10041): Inferred latch for "coluna4_jogo_salvo[4]" at controlador_principal.v(51) File: D:/Documents/ProjectsQuartus/MI2023.2 P2 TESTE02/controlador_principal.v Line: 51
Info (10041): Inferred latch for "coluna4_jogo_salvo[5]" at controlador_principal.v(51) File: D:/Documents/ProjectsQuartus/MI2023.2 P2 TESTE02/controlador_principal.v Line: 51
Info (10041): Inferred latch for "coluna4_jogo_salvo[6]" at controlador_principal.v(51) File: D:/Documents/ProjectsQuartus/MI2023.2 P2 TESTE02/controlador_principal.v Line: 51
Info (10041): Inferred latch for "coluna3_jogo_salvo[0]" at controlador_principal.v(51) File: D:/Documents/ProjectsQuartus/MI2023.2 P2 TESTE02/controlador_principal.v Line: 51
Info (10041): Inferred latch for "coluna3_jogo_salvo[1]" at controlador_principal.v(51) File: D:/Documents/ProjectsQuartus/MI2023.2 P2 TESTE02/controlador_principal.v Line: 51
Info (10041): Inferred latch for "coluna3_jogo_salvo[2]" at controlador_principal.v(51) File: D:/Documents/ProjectsQuartus/MI2023.2 P2 TESTE02/controlador_principal.v Line: 51
Info (10041): Inferred latch for "coluna3_jogo_salvo[3]" at controlador_principal.v(51) File: D:/Documents/ProjectsQuartus/MI2023.2 P2 TESTE02/controlador_principal.v Line: 51
Info (10041): Inferred latch for "coluna3_jogo_salvo[4]" at controlador_principal.v(51) File: D:/Documents/ProjectsQuartus/MI2023.2 P2 TESTE02/controlador_principal.v Line: 51
Info (10041): Inferred latch for "coluna3_jogo_salvo[5]" at controlador_principal.v(51) File: D:/Documents/ProjectsQuartus/MI2023.2 P2 TESTE02/controlador_principal.v Line: 51
Info (10041): Inferred latch for "coluna3_jogo_salvo[6]" at controlador_principal.v(51) File: D:/Documents/ProjectsQuartus/MI2023.2 P2 TESTE02/controlador_principal.v Line: 51
Info (10041): Inferred latch for "coluna2_jogo_salvo[0]" at controlador_principal.v(51) File: D:/Documents/ProjectsQuartus/MI2023.2 P2 TESTE02/controlador_principal.v Line: 51
Info (10041): Inferred latch for "coluna2_jogo_salvo[1]" at controlador_principal.v(51) File: D:/Documents/ProjectsQuartus/MI2023.2 P2 TESTE02/controlador_principal.v Line: 51
Info (10041): Inferred latch for "coluna2_jogo_salvo[2]" at controlador_principal.v(51) File: D:/Documents/ProjectsQuartus/MI2023.2 P2 TESTE02/controlador_principal.v Line: 51
Info (10041): Inferred latch for "coluna2_jogo_salvo[3]" at controlador_principal.v(51) File: D:/Documents/ProjectsQuartus/MI2023.2 P2 TESTE02/controlador_principal.v Line: 51
Info (10041): Inferred latch for "coluna2_jogo_salvo[4]" at controlador_principal.v(51) File: D:/Documents/ProjectsQuartus/MI2023.2 P2 TESTE02/controlador_principal.v Line: 51
Info (10041): Inferred latch for "coluna2_jogo_salvo[5]" at controlador_principal.v(51) File: D:/Documents/ProjectsQuartus/MI2023.2 P2 TESTE02/controlador_principal.v Line: 51
Info (10041): Inferred latch for "coluna2_jogo_salvo[6]" at controlador_principal.v(51) File: D:/Documents/ProjectsQuartus/MI2023.2 P2 TESTE02/controlador_principal.v Line: 51
Info (10041): Inferred latch for "coluna1_jogo_salvo[0]" at controlador_principal.v(51) File: D:/Documents/ProjectsQuartus/MI2023.2 P2 TESTE02/controlador_principal.v Line: 51
Info (10041): Inferred latch for "coluna1_jogo_salvo[1]" at controlador_principal.v(51) File: D:/Documents/ProjectsQuartus/MI2023.2 P2 TESTE02/controlador_principal.v Line: 51
Info (10041): Inferred latch for "coluna1_jogo_salvo[2]" at controlador_principal.v(51) File: D:/Documents/ProjectsQuartus/MI2023.2 P2 TESTE02/controlador_principal.v Line: 51
Info (10041): Inferred latch for "coluna1_jogo_salvo[3]" at controlador_principal.v(51) File: D:/Documents/ProjectsQuartus/MI2023.2 P2 TESTE02/controlador_principal.v Line: 51
Info (10041): Inferred latch for "coluna1_jogo_salvo[4]" at controlador_principal.v(51) File: D:/Documents/ProjectsQuartus/MI2023.2 P2 TESTE02/controlador_principal.v Line: 51
Info (10041): Inferred latch for "coluna1_jogo_salvo[5]" at controlador_principal.v(51) File: D:/Documents/ProjectsQuartus/MI2023.2 P2 TESTE02/controlador_principal.v Line: 51
Info (10041): Inferred latch for "coluna1_jogo_salvo[6]" at controlador_principal.v(51) File: D:/Documents/ProjectsQuartus/MI2023.2 P2 TESTE02/controlador_principal.v Line: 51
Info (12128): Elaborating entity "matriz" for hierarchy "matriz:matriz" File: D:/Documents/ProjectsQuartus/MI2023.2 P2 TESTE02/modulo_principal.v Line: 83
Warning (13039): The following bidirectional pins have no drivers
    Warning (13040): bidirectional pin "botao_salvar_jogo" has no driver File: D:/Documents/ProjectsQuartus/MI2023.2 P2 TESTE02/modulo_principal.v Line: 5
Info (13025): Duplicate LATCH primitives merged into single LATCH primitive
    Info (13026): Duplicate LATCH primitive "controlador_principal:controlador|coluna2_jogo_salvo[6]" merged with LATCH primitive "controlador_principal:controlador|coluna1_jogo_salvo[0]" File: D:/Documents/ProjectsQuartus/MI2023.2 P2 TESTE02/controlador_principal.v Line: 51
    Info (13026): Duplicate LATCH primitive "controlador_principal:controlador|coluna3_jogo_salvo[6]" merged with LATCH primitive "controlador_principal:controlador|coluna1_jogo_salvo[0]" File: D:/Documents/ProjectsQuartus/MI2023.2 P2 TESTE02/controlador_principal.v Line: 51
    Info (13026): Duplicate LATCH primitive "controlador_principal:controlador|coluna1_jogo_salvo[2]" merged with LATCH primitive "controlador_principal:controlador|coluna5_jogo_salvo[0]" File: D:/Documents/ProjectsQuartus/MI2023.2 P2 TESTE02/controlador_principal.v Line: 51
    Info (13026): Duplicate LATCH primitive "controlador_principal:controlador|coluna4_jogo_salvo[1]" merged with LATCH primitive "controlador_principal:controlador|coluna5_jogo_salvo[0]" File: D:/Documents/ProjectsQuartus/MI2023.2 P2 TESTE02/controlador_principal.v Line: 51
    Info (13026): Duplicate LATCH primitive "controlador_principal:controlador|coluna5_jogo_salvo[2]" merged with LATCH primitive "controlador_principal:controlador|coluna5_jogo_salvo[0]" File: D:/Documents/ProjectsQuartus/MI2023.2 P2 TESTE02/controlador_principal.v Line: 51
    Info (13026): Duplicate LATCH primitive "controlador_principal:controlador|coluna5_jogo_salvo[1]" merged with LATCH primitive "controlador_principal:controlador|coluna5_jogo_salvo[0]" File: D:/Documents/ProjectsQuartus/MI2023.2 P2 TESTE02/controlador_principal.v Line: 51
    Info (13026): Duplicate LATCH primitive "controlador_principal:controlador|coluna4_jogo_salvo[3]" merged with LATCH primitive "controlador_principal:controlador|coluna2_jogo_salvo[1]" File: D:/Documents/ProjectsQuartus/MI2023.2 P2 TESTE02/controlador_principal.v Line: 51
    Info (13026): Duplicate LATCH primitive "controlador_principal:controlador|coluna5_jogo_salvo[3]" merged with LATCH primitive "controlador_principal:controlador|coluna2_jogo_salvo[1]" File: D:/Documents/ProjectsQuartus/MI2023.2 P2 TESTE02/controlador_principal.v Line: 51
    Info (13026): Duplicate LATCH primitive "controlador_principal:controlador|coluna1_jogo_salvo[6]" merged with LATCH primitive "controlador_principal:controlador|coluna1_jogo_salvo[1]" File: D:/Documents/ProjectsQuartus/MI2023.2 P2 TESTE02/controlador_principal.v Line: 51
    Info (13026): Duplicate LATCH primitive "controlador_principal:controlador|coluna2_jogo_salvo[5]" merged with LATCH primitive "controlador_principal:controlador|coluna1_jogo_salvo[1]" File: D:/Documents/ProjectsQuartus/MI2023.2 P2 TESTE02/controlador_principal.v Line: 51
    Info (13026): Duplicate LATCH primitive "controlador_principal:controlador|coluna4_jogo_salvo[5]" merged with LATCH primitive "controlador_principal:controlador|coluna3_jogo_salvo[3]" File: D:/Documents/ProjectsQuartus/MI2023.2 P2 TESTE02/controlador_principal.v Line: 51
    Info (13026): Duplicate LATCH primitive "controlador_principal:controlador|coluna4_jogo_salvo[4]" merged with LATCH primitive "controlador_principal:controlador|coluna3_jogo_salvo[3]" File: D:/Documents/ProjectsQuartus/MI2023.2 P2 TESTE02/controlador_principal.v Line: 51
    Info (13026): Duplicate LATCH primitive "controlador_principal:controlador|coluna4_jogo_salvo[6]" merged with LATCH primitive "controlador_principal:controlador|coluna2_jogo_salvo[3]" File: D:/Documents/ProjectsQuartus/MI2023.2 P2 TESTE02/controlador_principal.v Line: 51
    Info (13026): Duplicate LATCH primitive "controlador_principal:controlador|coluna1_jogo_salvo[3]" merged with LATCH primitive "controlador_principal:controlador|coluna2_jogo_salvo[3]" File: D:/Documents/ProjectsQuartus/MI2023.2 P2 TESTE02/controlador_principal.v Line: 51
    Info (13026): Duplicate LATCH primitive "controlador_principal:controlador|coluna5_jogo_salvo[6]" merged with LATCH primitive "controlador_principal:controlador|coluna2_jogo_salvo[3]" File: D:/Documents/ProjectsQuartus/MI2023.2 P2 TESTE02/controlador_principal.v Line: 51
    Info (13026): Duplicate LATCH primitive "controlador_principal:controlador|coluna5_jogo_salvo[5]" merged with LATCH primitive "controlador_principal:controlador|coluna1_jogo_salvo[4]" File: D:/Documents/ProjectsQuartus/MI2023.2 P2 TESTE02/controlador_principal.v Line: 51
    Info (13026): Duplicate LATCH primitive "controlador_principal:controlador|coluna5_jogo_salvo[4]" merged with LATCH primitive "controlador_principal:controlador|coluna1_jogo_salvo[4]" File: D:/Documents/ProjectsQuartus/MI2023.2 P2 TESTE02/controlador_principal.v Line: 51
    Info (13026): Duplicate LATCH primitive "controlador_principal:controlador|coluna1_jogo_salvo[5]" merged with LATCH primitive "controlador_principal:controlador|coluna3_jogo_salvo[5]" File: D:/Documents/ProjectsQuartus/MI2023.2 P2 TESTE02/controlador_principal.v Line: 51
Info (17049): 5 registers lost all their fanouts during netlist optimizations.
Warning (21074): Design contains 7 input pin(s) that do not drive logic
    Warning (15610): No output dependent on input pin "ataque_colunas[0]" File: D:/Documents/ProjectsQuartus/MI2023.2 P2 TESTE02/modulo_principal.v Line: 8
    Warning (15610): No output dependent on input pin "ataque_colunas[1]" File: D:/Documents/ProjectsQuartus/MI2023.2 P2 TESTE02/modulo_principal.v Line: 8
    Warning (15610): No output dependent on input pin "ataque_colunas[2]" File: D:/Documents/ProjectsQuartus/MI2023.2 P2 TESTE02/modulo_principal.v Line: 8
    Warning (15610): No output dependent on input pin "ataque_linhas[0]" File: D:/Documents/ProjectsQuartus/MI2023.2 P2 TESTE02/modulo_principal.v Line: 9
    Warning (15610): No output dependent on input pin "ataque_linhas[1]" File: D:/Documents/ProjectsQuartus/MI2023.2 P2 TESTE02/modulo_principal.v Line: 9
    Warning (15610): No output dependent on input pin "ataque_linhas[2]" File: D:/Documents/ProjectsQuartus/MI2023.2 P2 TESTE02/modulo_principal.v Line: 9
    Warning (15610): No output dependent on input pin "botao_confirmar_ataque" File: D:/Documents/ProjectsQuartus/MI2023.2 P2 TESTE02/modulo_principal.v Line: 7
Info (21057): Implemented 112 device resources after synthesis - the final resource count might be different
    Info (21058): Implemented 11 input pins
    Info (21059): Implemented 12 output pins
    Info (21060): Implemented 1 bidirectional pins
    Info (21061): Implemented 88 logic cells
Info: Quartus Prime Analysis & Synthesis was successful. 0 errors, 20 warnings
    Info: Peak virtual memory: 4719 megabytes
    Info: Processing ended: Mon Dec  4 22:32:15 2023
    Info: Elapsed time: 00:00:10
    Info: Total CPU time (on all processors): 00:00:10


