Timing Analyzer report for p2_02
Sun Nov 19 00:12:18 2023
Quartus Prime Version 22.1std.2 Build 922 07/20/2023 SC Lite Edition


---------------------
; Table of Contents ;
---------------------
  1. Legal Notice
  2. Timing Analyzer Summary
  3. Parallel Compilation
  4. Clocks
  5. Fmax Summary
  6. Setup Summary
  7. Hold Summary
  8. Recovery Summary
  9. Removal Summary
 10. Minimum Pulse Width Summary
 11. Setup: 'clock'
 12. Setup: 'clk:clock_divider|out'
 13. Setup: 'game_option_change:change_game_option|game_reg.0001'
 14. Setup: 'reset_save_game_button'
 15. Setup: 'debouncer_button:btn_change_game|debouncer'
 16. Hold: 'clk:clock_divider|out'
 17. Hold: 'debouncer_button:btn_change_game|debouncer'
 18. Hold: 'clock'
 19. Hold: 'game_option_change:change_game_option|game_reg.0001'
 20. Hold: 'reset_save_game_button'
 21. Recovery: 'game_option_change:change_game_option|game_reg.0001'
 22. Removal: 'game_option_change:change_game_option|game_reg.0001'
 23. Setup Transfers
 24. Hold Transfers
 25. Recovery Transfers
 26. Removal Transfers
 27. Report TCCS
 28. Report RSKM
 29. Unconstrained Paths Summary
 30. Clock Status Summary
 31. Unconstrained Input Ports
 32. Unconstrained Output Ports
 33. Unconstrained Input Ports
 34. Unconstrained Output Ports
 35. Timing Analyzer Messages



----------------
; Legal Notice ;
----------------
Copyright (C) 2023  Intel Corporation. All rights reserved.
Your use of Intel Corporation's design tools, logic functions 
and other software and tools, and any partner logic 
functions, and any output files from any of the foregoing 
(including device programming or simulation files), and any 
associated documentation or information are expressly subject 
to the terms and conditions of the Intel Program License 
Subscription Agreement, the Intel Quartus Prime License Agreement,
the Intel FPGA IP License Agreement, or other applicable license
agreement, including, without limitation, that your use is for
the sole purpose of programming logic devices manufactured by
Intel and sold by Intel or its authorized distributors.  Please
refer to the applicable agreement for further details, at
https://fpgasoftware.intel.com/eula.



+--------------------------------------------------------------------------------+
; Timing Analyzer Summary                                                        ;
+-----------------------+--------------------------------------------------------+
; Quartus Prime Version ; Version 22.1std.2 Build 922 07/20/2023 SC Lite Edition ;
; Timing Analyzer       ; Legacy Timing Analyzer                                 ;
; Revision Name         ; p2_02                                                  ;
; Device Family         ; MAX II                                                 ;
; Device Name           ; EPM240T100C5                                           ;
; Timing Models         ; Final                                                  ;
; Delay Model           ; Slow Model                                             ;
; Rise/Fall Delays      ; Unavailable                                            ;
+-----------------------+--------------------------------------------------------+


+------------------------------------------+
; Parallel Compilation                     ;
+----------------------------+-------------+
; Processors                 ; Number      ;
+----------------------------+-------------+
; Number detected on machine ; 4           ;
; Maximum allowed            ; 2           ;
;                            ;             ;
; Average used               ; 1.00        ;
; Maximum used               ; 1           ;
;                            ;             ;
; Usage by Processor         ; % Time Used ;
;     Processor 1            ; 100.0%      ;
+----------------------------+-------------+


+--------------------------------------------------------------------------------------------------------------------------------------------------------------------------------------------------------------------------------------------------------------------------+
; Clocks                                                                                                                                                                                                                                                                   ;
+-----------------------------------------------------+------+--------+------------+-------+-------+------------+-----------+-------------+-------+--------+-----------+------------+----------+--------+--------+---------------------------------------------------------+
; Clock Name                                          ; Type ; Period ; Frequency  ; Rise  ; Fall  ; Duty Cycle ; Divide by ; Multiply by ; Phase ; Offset ; Edge List ; Edge Shift ; Inverted ; Master ; Source ; Targets                                                 ;
+-----------------------------------------------------+------+--------+------------+-------+-------+------------+-----------+-------------+-------+--------+-----------+------------+----------+--------+--------+---------------------------------------------------------+
; clk:clock_divider|out                               ; Base ; 1.000  ; 1000.0 MHz ; 0.000 ; 0.500 ;            ;           ;             ;       ;        ;           ;            ;          ;        ;        ; { clk:clock_divider|out }                               ;
; clock                                               ; Base ; 1.000  ; 1000.0 MHz ; 0.000 ; 0.500 ;            ;           ;             ;       ;        ;           ;            ;          ;        ;        ; { clock }                                               ;
; debouncer_button:btn_change_game|debouncer          ; Base ; 1.000  ; 1000.0 MHz ; 0.000 ; 0.500 ;            ;           ;             ;       ;        ;           ;            ;          ;        ;        ; { debouncer_button:btn_change_game|debouncer }          ;
; game_option_change:change_game_option|game_reg.0001 ; Base ; 1.000  ; 1000.0 MHz ; 0.000 ; 0.500 ;            ;           ;             ;       ;        ;           ;            ;          ;        ;        ; { game_option_change:change_game_option|game_reg.0001 } ;
; reset_save_game_button                              ; Base ; 1.000  ; 1000.0 MHz ; 0.000 ; 0.500 ;            ;           ;             ;       ;        ;           ;            ;          ;        ;        ; { reset_save_game_button }                              ;
+-----------------------------------------------------+------+--------+------------+-------+-------+------------+-----------+-------------+-------+--------+-----------+------------+----------+--------+--------+---------------------------------------------------------+


+-------------------------------------------------------------------------------------------+
; Fmax Summary                                                                              ;
+------------+-----------------+-----------------------------------------------------+------+
; Fmax       ; Restricted Fmax ; Clock Name                                          ; Note ;
+------------+-----------------+-----------------------------------------------------+------+
; 189.39 MHz ; 189.39 MHz      ; clock                                               ;      ;
; 231.37 MHz ; 231.37 MHz      ; clk:clock_divider|out                               ;      ;
; 278.63 MHz ; 278.63 MHz      ; reset_save_game_button                              ;      ;
; 404.37 MHz ; 404.37 MHz      ; game_option_change:change_game_option|game_reg.0001 ;      ;
; 405.68 MHz ; 405.68 MHz      ; debouncer_button:btn_change_game|debouncer          ;      ;
+------------+-----------------+-----------------------------------------------------+------+
This panel reports FMAX for every clock in the design, regardless of the user-specified clock periods.  FMAX is only computed for paths where the source and destination registers or ports are driven by the same clock.  Paths of different clocks, including generated clocks, are ignored.  For paths between a clock and its inversion, FMAX is computed as if the rising and falling edges are scaled along with FMAX, such that the duty cycle (in terms of a percentage) is maintained. Altera recommends that you always use clock constraints and other slack reports for sign-off analysis.


+------------------------------------------------------------------------------+
; Setup Summary                                                                ;
+-----------------------------------------------------+--------+---------------+
; Clock                                               ; Slack  ; End Point TNS ;
+-----------------------------------------------------+--------+---------------+
; clock                                               ; -4.280 ; -59.237       ;
; clk:clock_divider|out                               ; -3.322 ; -31.206       ;
; game_option_change:change_game_option|game_reg.0001 ; -2.849 ; -2.849        ;
; reset_save_game_button                              ; -2.589 ; -2.589        ;
; debouncer_button:btn_change_game|debouncer          ; -1.465 ; -3.734        ;
+-----------------------------------------------------+--------+---------------+


+------------------------------------------------------------------------------+
; Hold Summary                                                                 ;
+-----------------------------------------------------+--------+---------------+
; Clock                                               ; Slack  ; End Point TNS ;
+-----------------------------------------------------+--------+---------------+
; clk:clock_divider|out                               ; -2.944 ; -3.451        ;
; debouncer_button:btn_change_game|debouncer          ; -2.359 ; -2.359        ;
; clock                                               ; -1.511 ; -1.511        ;
; game_option_change:change_game_option|game_reg.0001 ; -0.031 ; -0.031        ;
; reset_save_game_button                              ; 1.445  ; 0.000         ;
+-----------------------------------------------------+--------+---------------+


+------------------------------------------------------------------------------+
; Recovery Summary                                                             ;
+-----------------------------------------------------+--------+---------------+
; Clock                                               ; Slack  ; End Point TNS ;
+-----------------------------------------------------+--------+---------------+
; game_option_change:change_game_option|game_reg.0001 ; -3.293 ; -3.293        ;
+-----------------------------------------------------+--------+---------------+


+-----------------------------------------------------------------------------+
; Removal Summary                                                             ;
+-----------------------------------------------------+-------+---------------+
; Clock                                               ; Slack ; End Point TNS ;
+-----------------------------------------------------+-------+---------------+
; game_option_change:change_game_option|game_reg.0001 ; 3.239 ; 0.000         ;
+-----------------------------------------------------+-------+---------------+


+------------------------------------------------------------------------------+
; Minimum Pulse Width Summary                                                  ;
+-----------------------------------------------------+--------+---------------+
; Clock                                               ; Slack  ; End Point TNS ;
+-----------------------------------------------------+--------+---------------+
; clock                                               ; -2.289 ; -2.289        ;
; reset_save_game_button                              ; -2.289 ; -2.289        ;
; clk:clock_divider|out                               ; 0.234  ; 0.000         ;
; debouncer_button:btn_change_game|debouncer          ; 0.234  ; 0.000         ;
; game_option_change:change_game_option|game_reg.0001 ; 0.234  ; 0.000         ;
+-----------------------------------------------------+--------+---------------+


+------------------------------------------------------------------------------------------------------------------------------------------+
; Setup: 'clock'                                                                                                                           ;
+--------+-----------------------------+-----------------------------+--------------+-------------+--------------+------------+------------+
; Slack  ; From Node                   ; To Node                     ; Launch Clock ; Latch Clock ; Relationship ; Clock Skew ; Data Delay ;
+--------+-----------------------------+-----------------------------+--------------+-------------+--------------+------------+------------+
; -4.280 ; clk:clock_divider|count[11] ; clk:clock_divider|out       ; clock        ; clock       ; 1.000        ; 0.000      ; 4.947      ;
; -4.141 ; clk:clock_divider|count[10] ; clk:clock_divider|out       ; clock        ; clock       ; 1.000        ; 0.000      ; 4.808      ;
; -4.140 ; clk:clock_divider|count[14] ; clk:clock_divider|out       ; clock        ; clock       ; 1.000        ; 0.000      ; 4.807      ;
; -3.982 ; clk:clock_divider|count[3]  ; clk:clock_divider|count[8]  ; clock        ; clock       ; 1.000        ; 0.000      ; 4.649      ;
; -3.982 ; clk:clock_divider|count[3]  ; clk:clock_divider|count[9]  ; clock        ; clock       ; 1.000        ; 0.000      ; 4.649      ;
; -3.982 ; clk:clock_divider|count[3]  ; clk:clock_divider|count[10] ; clock        ; clock       ; 1.000        ; 0.000      ; 4.649      ;
; -3.982 ; clk:clock_divider|count[3]  ; clk:clock_divider|count[11] ; clock        ; clock       ; 1.000        ; 0.000      ; 4.649      ;
; -3.982 ; clk:clock_divider|count[3]  ; clk:clock_divider|count[12] ; clock        ; clock       ; 1.000        ; 0.000      ; 4.649      ;
; -3.970 ; clk:clock_divider|count[15] ; clk:clock_divider|out       ; clock        ; clock       ; 1.000        ; 0.000      ; 4.637      ;
; -3.969 ; clk:clock_divider|count[3]  ; clk:clock_divider|count[13] ; clock        ; clock       ; 1.000        ; 0.000      ; 4.636      ;
; -3.969 ; clk:clock_divider|count[3]  ; clk:clock_divider|count[14] ; clock        ; clock       ; 1.000        ; 0.000      ; 4.636      ;
; -3.969 ; clk:clock_divider|count[3]  ; clk:clock_divider|count[15] ; clock        ; clock       ; 1.000        ; 0.000      ; 4.636      ;
; -3.963 ; clk:clock_divider|count[0]  ; clk:clock_divider|out       ; clock        ; clock       ; 1.000        ; 0.000      ; 4.630      ;
; -3.963 ; clk:clock_divider|count[8]  ; clk:clock_divider|out       ; clock        ; clock       ; 1.000        ; 0.000      ; 4.630      ;
; -3.871 ; clk:clock_divider|count[4]  ; clk:clock_divider|count[8]  ; clock        ; clock       ; 1.000        ; 0.000      ; 4.538      ;
; -3.871 ; clk:clock_divider|count[4]  ; clk:clock_divider|count[9]  ; clock        ; clock       ; 1.000        ; 0.000      ; 4.538      ;
; -3.871 ; clk:clock_divider|count[4]  ; clk:clock_divider|count[10] ; clock        ; clock       ; 1.000        ; 0.000      ; 4.538      ;
; -3.871 ; clk:clock_divider|count[4]  ; clk:clock_divider|count[11] ; clock        ; clock       ; 1.000        ; 0.000      ; 4.538      ;
; -3.871 ; clk:clock_divider|count[4]  ; clk:clock_divider|count[12] ; clock        ; clock       ; 1.000        ; 0.000      ; 4.538      ;
; -3.858 ; clk:clock_divider|count[4]  ; clk:clock_divider|count[13] ; clock        ; clock       ; 1.000        ; 0.000      ; 4.525      ;
; -3.858 ; clk:clock_divider|count[4]  ; clk:clock_divider|count[14] ; clock        ; clock       ; 1.000        ; 0.000      ; 4.525      ;
; -3.858 ; clk:clock_divider|count[4]  ; clk:clock_divider|count[15] ; clock        ; clock       ; 1.000        ; 0.000      ; 4.525      ;
; -3.835 ; clk:clock_divider|count[1]  ; clk:clock_divider|count[8]  ; clock        ; clock       ; 1.000        ; 0.000      ; 4.502      ;
; -3.835 ; clk:clock_divider|count[1]  ; clk:clock_divider|count[9]  ; clock        ; clock       ; 1.000        ; 0.000      ; 4.502      ;
; -3.835 ; clk:clock_divider|count[1]  ; clk:clock_divider|count[10] ; clock        ; clock       ; 1.000        ; 0.000      ; 4.502      ;
; -3.835 ; clk:clock_divider|count[1]  ; clk:clock_divider|count[11] ; clock        ; clock       ; 1.000        ; 0.000      ; 4.502      ;
; -3.835 ; clk:clock_divider|count[1]  ; clk:clock_divider|count[12] ; clock        ; clock       ; 1.000        ; 0.000      ; 4.502      ;
; -3.822 ; clk:clock_divider|count[1]  ; clk:clock_divider|count[13] ; clock        ; clock       ; 1.000        ; 0.000      ; 4.489      ;
; -3.822 ; clk:clock_divider|count[1]  ; clk:clock_divider|count[14] ; clock        ; clock       ; 1.000        ; 0.000      ; 4.489      ;
; -3.822 ; clk:clock_divider|count[1]  ; clk:clock_divider|count[15] ; clock        ; clock       ; 1.000        ; 0.000      ; 4.489      ;
; -3.802 ; clk:clock_divider|count[13] ; clk:clock_divider|out       ; clock        ; clock       ; 1.000        ; 0.000      ; 4.469      ;
; -3.792 ; clk:clock_divider|count[12] ; clk:clock_divider|out       ; clock        ; clock       ; 1.000        ; 0.000      ; 4.459      ;
; -3.760 ; clk:clock_divider|count[4]  ; clk:clock_divider|out       ; clock        ; clock       ; 1.000        ; 0.000      ; 4.427      ;
; -3.744 ; clk:clock_divider|count[0]  ; clk:clock_divider|count[8]  ; clock        ; clock       ; 1.000        ; 0.000      ; 4.411      ;
; -3.744 ; clk:clock_divider|count[0]  ; clk:clock_divider|count[9]  ; clock        ; clock       ; 1.000        ; 0.000      ; 4.411      ;
; -3.744 ; clk:clock_divider|count[0]  ; clk:clock_divider|count[10] ; clock        ; clock       ; 1.000        ; 0.000      ; 4.411      ;
; -3.744 ; clk:clock_divider|count[0]  ; clk:clock_divider|count[11] ; clock        ; clock       ; 1.000        ; 0.000      ; 4.411      ;
; -3.744 ; clk:clock_divider|count[0]  ; clk:clock_divider|count[12] ; clock        ; clock       ; 1.000        ; 0.000      ; 4.411      ;
; -3.731 ; clk:clock_divider|count[0]  ; clk:clock_divider|count[13] ; clock        ; clock       ; 1.000        ; 0.000      ; 4.398      ;
; -3.731 ; clk:clock_divider|count[0]  ; clk:clock_divider|count[14] ; clock        ; clock       ; 1.000        ; 0.000      ; 4.398      ;
; -3.731 ; clk:clock_divider|count[0]  ; clk:clock_divider|count[15] ; clock        ; clock       ; 1.000        ; 0.000      ; 4.398      ;
; -3.663 ; clk:clock_divider|count[2]  ; clk:clock_divider|count[8]  ; clock        ; clock       ; 1.000        ; 0.000      ; 4.330      ;
; -3.663 ; clk:clock_divider|count[2]  ; clk:clock_divider|count[9]  ; clock        ; clock       ; 1.000        ; 0.000      ; 4.330      ;
; -3.663 ; clk:clock_divider|count[2]  ; clk:clock_divider|count[10] ; clock        ; clock       ; 1.000        ; 0.000      ; 4.330      ;
; -3.663 ; clk:clock_divider|count[2]  ; clk:clock_divider|count[11] ; clock        ; clock       ; 1.000        ; 0.000      ; 4.330      ;
; -3.663 ; clk:clock_divider|count[2]  ; clk:clock_divider|count[12] ; clock        ; clock       ; 1.000        ; 0.000      ; 4.330      ;
; -3.650 ; clk:clock_divider|count[2]  ; clk:clock_divider|count[13] ; clock        ; clock       ; 1.000        ; 0.000      ; 4.317      ;
; -3.650 ; clk:clock_divider|count[2]  ; clk:clock_divider|count[14] ; clock        ; clock       ; 1.000        ; 0.000      ; 4.317      ;
; -3.650 ; clk:clock_divider|count[2]  ; clk:clock_divider|count[15] ; clock        ; clock       ; 1.000        ; 0.000      ; 4.317      ;
; -3.622 ; clk:clock_divider|count[6]  ; clk:clock_divider|count[8]  ; clock        ; clock       ; 1.000        ; 0.000      ; 4.289      ;
; -3.622 ; clk:clock_divider|count[6]  ; clk:clock_divider|count[9]  ; clock        ; clock       ; 1.000        ; 0.000      ; 4.289      ;
; -3.622 ; clk:clock_divider|count[6]  ; clk:clock_divider|count[10] ; clock        ; clock       ; 1.000        ; 0.000      ; 4.289      ;
; -3.622 ; clk:clock_divider|count[6]  ; clk:clock_divider|count[11] ; clock        ; clock       ; 1.000        ; 0.000      ; 4.289      ;
; -3.622 ; clk:clock_divider|count[6]  ; clk:clock_divider|count[12] ; clock        ; clock       ; 1.000        ; 0.000      ; 4.289      ;
; -3.609 ; clk:clock_divider|count[6]  ; clk:clock_divider|count[13] ; clock        ; clock       ; 1.000        ; 0.000      ; 4.276      ;
; -3.609 ; clk:clock_divider|count[6]  ; clk:clock_divider|count[14] ; clock        ; clock       ; 1.000        ; 0.000      ; 4.276      ;
; -3.609 ; clk:clock_divider|count[6]  ; clk:clock_divider|count[15] ; clock        ; clock       ; 1.000        ; 0.000      ; 4.276      ;
; -3.604 ; clk:clock_divider|count[9]  ; clk:clock_divider|out       ; clock        ; clock       ; 1.000        ; 0.000      ; 4.271      ;
; -3.600 ; clk:clock_divider|count[7]  ; clk:clock_divider|out       ; clock        ; clock       ; 1.000        ; 0.000      ; 4.267      ;
; -3.515 ; clk:clock_divider|count[5]  ; clk:clock_divider|count[8]  ; clock        ; clock       ; 1.000        ; 0.000      ; 4.182      ;
; -3.515 ; clk:clock_divider|count[5]  ; clk:clock_divider|count[9]  ; clock        ; clock       ; 1.000        ; 0.000      ; 4.182      ;
; -3.515 ; clk:clock_divider|count[5]  ; clk:clock_divider|count[10] ; clock        ; clock       ; 1.000        ; 0.000      ; 4.182      ;
; -3.515 ; clk:clock_divider|count[5]  ; clk:clock_divider|count[11] ; clock        ; clock       ; 1.000        ; 0.000      ; 4.182      ;
; -3.515 ; clk:clock_divider|count[5]  ; clk:clock_divider|count[12] ; clock        ; clock       ; 1.000        ; 0.000      ; 4.182      ;
; -3.502 ; clk:clock_divider|count[5]  ; clk:clock_divider|count[13] ; clock        ; clock       ; 1.000        ; 0.000      ; 4.169      ;
; -3.502 ; clk:clock_divider|count[5]  ; clk:clock_divider|count[14] ; clock        ; clock       ; 1.000        ; 0.000      ; 4.169      ;
; -3.502 ; clk:clock_divider|count[5]  ; clk:clock_divider|count[15] ; clock        ; clock       ; 1.000        ; 0.000      ; 4.169      ;
; -3.483 ; clk:clock_divider|count[3]  ; clk:clock_divider|out       ; clock        ; clock       ; 1.000        ; 0.000      ; 4.150      ;
; -3.428 ; clk:clock_divider|count[1]  ; clk:clock_divider|out       ; clock        ; clock       ; 1.000        ; 0.000      ; 4.095      ;
; -3.402 ; clk:clock_divider|count[5]  ; clk:clock_divider|out       ; clock        ; clock       ; 1.000        ; 0.000      ; 4.069      ;
; -3.378 ; clk:clock_divider|count[8]  ; clk:clock_divider|count[13] ; clock        ; clock       ; 1.000        ; 0.000      ; 4.045      ;
; -3.378 ; clk:clock_divider|count[8]  ; clk:clock_divider|count[14] ; clock        ; clock       ; 1.000        ; 0.000      ; 4.045      ;
; -3.378 ; clk:clock_divider|count[8]  ; clk:clock_divider|count[15] ; clock        ; clock       ; 1.000        ; 0.000      ; 4.045      ;
; -3.362 ; clk:clock_divider|count[7]  ; clk:clock_divider|count[8]  ; clock        ; clock       ; 1.000        ; 0.000      ; 4.029      ;
; -3.362 ; clk:clock_divider|count[7]  ; clk:clock_divider|count[9]  ; clock        ; clock       ; 1.000        ; 0.000      ; 4.029      ;
; -3.362 ; clk:clock_divider|count[7]  ; clk:clock_divider|count[10] ; clock        ; clock       ; 1.000        ; 0.000      ; 4.029      ;
; -3.362 ; clk:clock_divider|count[7]  ; clk:clock_divider|count[11] ; clock        ; clock       ; 1.000        ; 0.000      ; 4.029      ;
; -3.362 ; clk:clock_divider|count[7]  ; clk:clock_divider|count[12] ; clock        ; clock       ; 1.000        ; 0.000      ; 4.029      ;
; -3.349 ; clk:clock_divider|count[7]  ; clk:clock_divider|count[13] ; clock        ; clock       ; 1.000        ; 0.000      ; 4.016      ;
; -3.349 ; clk:clock_divider|count[7]  ; clk:clock_divider|count[14] ; clock        ; clock       ; 1.000        ; 0.000      ; 4.016      ;
; -3.349 ; clk:clock_divider|count[7]  ; clk:clock_divider|count[15] ; clock        ; clock       ; 1.000        ; 0.000      ; 4.016      ;
; -3.258 ; clk:clock_divider|count[9]  ; clk:clock_divider|count[13] ; clock        ; clock       ; 1.000        ; 0.000      ; 3.925      ;
; -3.258 ; clk:clock_divider|count[9]  ; clk:clock_divider|count[14] ; clock        ; clock       ; 1.000        ; 0.000      ; 3.925      ;
; -3.258 ; clk:clock_divider|count[9]  ; clk:clock_divider|count[15] ; clock        ; clock       ; 1.000        ; 0.000      ; 3.925      ;
; -3.227 ; clk:clock_divider|count[1]  ; clk:clock_divider|count[3]  ; clock        ; clock       ; 1.000        ; 0.000      ; 3.894      ;
; -3.227 ; clk:clock_divider|count[1]  ; clk:clock_divider|count[4]  ; clock        ; clock       ; 1.000        ; 0.000      ; 3.894      ;
; -3.227 ; clk:clock_divider|count[1]  ; clk:clock_divider|count[5]  ; clock        ; clock       ; 1.000        ; 0.000      ; 3.894      ;
; -3.227 ; clk:clock_divider|count[1]  ; clk:clock_divider|count[6]  ; clock        ; clock       ; 1.000        ; 0.000      ; 3.894      ;
; -3.227 ; clk:clock_divider|count[1]  ; clk:clock_divider|count[7]  ; clock        ; clock       ; 1.000        ; 0.000      ; 3.894      ;
; -3.210 ; clk:clock_divider|count[11] ; clk:clock_divider|count[13] ; clock        ; clock       ; 1.000        ; 0.000      ; 3.877      ;
; -3.210 ; clk:clock_divider|count[11] ; clk:clock_divider|count[14] ; clock        ; clock       ; 1.000        ; 0.000      ; 3.877      ;
; -3.210 ; clk:clock_divider|count[11] ; clk:clock_divider|count[15] ; clock        ; clock       ; 1.000        ; 0.000      ; 3.877      ;
; -3.136 ; clk:clock_divider|count[0]  ; clk:clock_divider|count[3]  ; clock        ; clock       ; 1.000        ; 0.000      ; 3.803      ;
; -3.136 ; clk:clock_divider|count[0]  ; clk:clock_divider|count[4]  ; clock        ; clock       ; 1.000        ; 0.000      ; 3.803      ;
; -3.136 ; clk:clock_divider|count[0]  ; clk:clock_divider|count[5]  ; clock        ; clock       ; 1.000        ; 0.000      ; 3.803      ;
; -3.136 ; clk:clock_divider|count[0]  ; clk:clock_divider|count[6]  ; clock        ; clock       ; 1.000        ; 0.000      ; 3.803      ;
; -3.136 ; clk:clock_divider|count[0]  ; clk:clock_divider|count[7]  ; clock        ; clock       ; 1.000        ; 0.000      ; 3.803      ;
; -3.134 ; clk:clock_divider|count[10] ; clk:clock_divider|count[13] ; clock        ; clock       ; 1.000        ; 0.000      ; 3.801      ;
; -3.134 ; clk:clock_divider|count[10] ; clk:clock_divider|count[14] ; clock        ; clock       ; 1.000        ; 0.000      ; 3.801      ;
; -3.134 ; clk:clock_divider|count[10] ; clk:clock_divider|count[15] ; clock        ; clock       ; 1.000        ; 0.000      ; 3.801      ;
+--------+-----------------------------+-----------------------------+--------------+-------------+--------------+------------+------------+


+-------------------------------------------------------------------------------------------------------------------------------------------------------------------------------------------------------------------------+
; Setup: 'clk:clock_divider|out'                                                                                                                                                                                          ;
+--------+--------------------------------------------+--------------------------------------------+-----------------------------------------------------+-----------------------+--------------+------------+------------+
; Slack  ; From Node                                  ; To Node                                    ; Launch Clock                                        ; Latch Clock           ; Relationship ; Clock Skew ; Data Delay ;
+--------+--------------------------------------------+--------------------------------------------+-----------------------------------------------------+-----------------------+--------------+------------+------------+
; -3.322 ; matriz_controller:matrix|count[0]          ; matriz_controller:matrix|columns[3]        ; clk:clock_divider|out                               ; clk:clock_divider|out ; 1.000        ; 0.000      ; 3.989      ;
; -3.322 ; matriz_controller:matrix|count[0]          ; matriz_controller:matrix|columns[4]        ; clk:clock_divider|out                               ; clk:clock_divider|out ; 1.000        ; 0.000      ; 3.989      ;
; -3.322 ; matriz_controller:matrix|count[0]          ; matriz_controller:matrix|columns[2]        ; clk:clock_divider|out                               ; clk:clock_divider|out ; 1.000        ; 0.000      ; 3.989      ;
; -3.322 ; matriz_controller:matrix|count[0]          ; matriz_controller:matrix|columns[1]        ; clk:clock_divider|out                               ; clk:clock_divider|out ; 1.000        ; 0.000      ; 3.989      ;
; -3.322 ; matriz_controller:matrix|count[0]          ; matriz_controller:matrix|columns[0]        ; clk:clock_divider|out                               ; clk:clock_divider|out ; 1.000        ; 0.000      ; 3.989      ;
; -2.859 ; matriz_controller:matrix|count[2]          ; matriz_controller:matrix|count[2]          ; clk:clock_divider|out                               ; clk:clock_divider|out ; 1.000        ; 0.000      ; 3.526      ;
; -2.840 ; matriz_controller:matrix|count[1]          ; matriz_controller:matrix|columns[3]        ; clk:clock_divider|out                               ; clk:clock_divider|out ; 1.000        ; 0.000      ; 3.507      ;
; -2.840 ; matriz_controller:matrix|count[1]          ; matriz_controller:matrix|columns[4]        ; clk:clock_divider|out                               ; clk:clock_divider|out ; 1.000        ; 0.000      ; 3.507      ;
; -2.840 ; matriz_controller:matrix|count[1]          ; matriz_controller:matrix|columns[2]        ; clk:clock_divider|out                               ; clk:clock_divider|out ; 1.000        ; 0.000      ; 3.507      ;
; -2.840 ; matriz_controller:matrix|count[1]          ; matriz_controller:matrix|columns[1]        ; clk:clock_divider|out                               ; clk:clock_divider|out ; 1.000        ; 0.000      ; 3.507      ;
; -2.840 ; matriz_controller:matrix|count[1]          ; matriz_controller:matrix|columns[0]        ; clk:clock_divider|out                               ; clk:clock_divider|out ; 1.000        ; 0.000      ; 3.507      ;
; -2.470 ; matriz_controller:matrix|count[0]          ; matriz_controller:matrix|count[2]          ; clk:clock_divider|out                               ; clk:clock_divider|out ; 1.000        ; 0.000      ; 3.137      ;
; -2.417 ; matriz_controller:matrix|count[2]          ; matriz_controller:matrix|columns[2]        ; clk:clock_divider|out                               ; clk:clock_divider|out ; 1.000        ; 0.000      ; 3.084      ;
; -2.416 ; matriz_controller:matrix|count[2]          ; matriz_controller:matrix|lines[0]          ; clk:clock_divider|out                               ; clk:clock_divider|out ; 1.000        ; 0.000      ; 3.083      ;
; -2.414 ; matriz_controller:matrix|count[2]          ; matriz_controller:matrix|columns[0]        ; clk:clock_divider|out                               ; clk:clock_divider|out ; 1.000        ; 0.000      ; 3.081      ;
; -2.407 ; matriz_controller:matrix|count[2]          ; matriz_controller:matrix|columns[1]        ; clk:clock_divider|out                               ; clk:clock_divider|out ; 1.000        ; 0.000      ; 3.074      ;
; -2.405 ; matriz_controller:matrix|count[2]          ; matriz_controller:matrix|count[1]          ; clk:clock_divider|out                               ; clk:clock_divider|out ; 1.000        ; 0.000      ; 3.072      ;
; -2.405 ; matriz_controller:matrix|count[2]          ; matriz_controller:matrix|count[0]          ; clk:clock_divider|out                               ; clk:clock_divider|out ; 1.000        ; 0.000      ; 3.072      ;
; -2.208 ; matriz_controller:matrix|count[2]          ; matriz_controller:matrix|columns[3]        ; clk:clock_divider|out                               ; clk:clock_divider|out ; 1.000        ; 0.000      ; 2.875      ;
; -2.208 ; matriz_controller:matrix|count[2]          ; matriz_controller:matrix|columns[4]        ; clk:clock_divider|out                               ; clk:clock_divider|out ; 1.000        ; 0.000      ; 2.875      ;
; -2.031 ; matriz_controller:matrix|count[0]          ; matriz_controller:matrix|lines[0]          ; clk:clock_divider|out                               ; clk:clock_divider|out ; 1.000        ; 0.000      ; 2.698      ;
; -2.021 ; matriz_controller:matrix|count[0]          ; matriz_controller:matrix|count[1]          ; clk:clock_divider|out                               ; clk:clock_divider|out ; 1.000        ; 0.000      ; 2.688      ;
; -2.018 ; matriz_controller:matrix|count[0]          ; matriz_controller:matrix|count[0]          ; clk:clock_divider|out                               ; clk:clock_divider|out ; 1.000        ; 0.000      ; 2.685      ;
; -1.987 ; matriz_controller:matrix|count[1]          ; matriz_controller:matrix|count[2]          ; clk:clock_divider|out                               ; clk:clock_divider|out ; 1.000        ; 0.000      ; 2.654      ;
; -1.509 ; debouncer_button:btn_change_game|state[0]  ; debouncer_button:btn_change_game|debouncer ; clk:clock_divider|out                               ; clk:clock_divider|out ; 1.000        ; 0.000      ; 2.176      ;
; -1.505 ; debouncer_button:btn_change_game|state[0]  ; debouncer_button:btn_change_game|state[1]  ; clk:clock_divider|out                               ; clk:clock_divider|out ; 1.000        ; 0.000      ; 2.172      ;
; -1.497 ; debouncer_button:btn_change_game|state[0]  ; debouncer_button:btn_change_game|state[0]  ; clk:clock_divider|out                               ; clk:clock_divider|out ; 1.000        ; 0.000      ; 2.164      ;
; -1.336 ; matriz_controller:matrix|count[1]          ; matriz_controller:matrix|lines[0]          ; clk:clock_divider|out                               ; clk:clock_divider|out ; 1.000        ; 0.000      ; 2.003      ;
; -1.324 ; matriz_controller:matrix|count[1]          ; matriz_controller:matrix|count[1]          ; clk:clock_divider|out                               ; clk:clock_divider|out ; 1.000        ; 0.000      ; 1.991      ;
; -1.237 ; debouncer_button:btn_change_game|state[1]  ; debouncer_button:btn_change_game|state[0]  ; clk:clock_divider|out                               ; clk:clock_divider|out ; 1.000        ; 0.000      ; 1.904      ;
; -1.237 ; debouncer_button:btn_change_game|state[1]  ; debouncer_button:btn_change_game|debouncer ; clk:clock_divider|out                               ; clk:clock_divider|out ; 1.000        ; 0.000      ; 1.904      ;
; -1.234 ; debouncer_button:btn_change_game|state[1]  ; debouncer_button:btn_change_game|state[1]  ; clk:clock_divider|out                               ; clk:clock_divider|out ; 1.000        ; 0.000      ; 1.901      ;
; 0.953  ; game_selection:select_game_option|col2[0]  ; matriz_controller:matrix|lines[0]          ; game_option_change:change_game_option|game_reg.0001 ; clk:clock_divider|out ; 1.000        ; 3.005      ; 2.719      ;
; 2.890  ; debouncer_button:btn_change_game|debouncer ; debouncer_button:btn_change_game|debouncer ; debouncer_button:btn_change_game|debouncer          ; clk:clock_divider|out ; 0.500        ; 4.808      ; 2.461      ;
; 3.390  ; debouncer_button:btn_change_game|debouncer ; debouncer_button:btn_change_game|debouncer ; debouncer_button:btn_change_game|debouncer          ; clk:clock_divider|out ; 1.000        ; 4.808      ; 2.461      ;
+--------+--------------------------------------------+--------------------------------------------+-----------------------------------------------------+-----------------------+--------------+------------+------------+


+---------------------------------------------------------------------------------------------------------------------------------------------------------------------------------------------------------------------------------------------------------------+
; Setup: 'game_option_change:change_game_option|game_reg.0001'                                                                                                                                                                                                  ;
+--------+-----------------------------------------------------+-------------------------------------------+-----------------------------------------------------+-----------------------------------------------------+--------------+------------+------------+
; Slack  ; From Node                                           ; To Node                                   ; Launch Clock                                        ; Latch Clock                                         ; Relationship ; Clock Skew ; Data Delay ;
+--------+-----------------------------------------------------+-------------------------------------------+-----------------------------------------------------+-----------------------------------------------------+--------------+------------+------------+
; -2.849 ; game_selection:select_game_option|game_selected     ; game_selection:select_game_option|col2[0] ; reset_save_game_button                              ; game_option_change:change_game_option|game_reg.0001 ; 0.500        ; -2.120     ; 0.896      ;
; -1.473 ; game_selection:select_game_option|col2[0]           ; game_selection:select_game_option|col2[0] ; game_option_change:change_game_option|game_reg.0001 ; game_option_change:change_game_option|game_reg.0001 ; 1.000        ; 0.000      ; 2.140      ;
; -0.023 ; game_option_change:change_game_option|game_reg.0001 ; game_selection:select_game_option|col2[0] ; game_option_change:change_game_option|game_reg.0001 ; game_option_change:change_game_option|game_reg.0001 ; 0.500        ; 1.803      ; 2.369      ;
; 0.477  ; game_option_change:change_game_option|game_reg.0001 ; game_selection:select_game_option|col2[0] ; game_option_change:change_game_option|game_reg.0001 ; game_option_change:change_game_option|game_reg.0001 ; 1.000        ; 1.803      ; 2.369      ;
+--------+-----------------------------------------------------+-------------------------------------------+-----------------------------------------------------+-----------------------------------------------------+--------------+------------+------------+


+-------------------------------------------------------------------------------------------------------------------------------------------------------------------------------------------------------+
; Setup: 'reset_save_game_button'                                                                                                                                                                       ;
+--------+-------------------------------------------------+-------------------------------------------------+------------------------+------------------------+--------------+------------+------------+
; Slack  ; From Node                                       ; To Node                                         ; Launch Clock           ; Latch Clock            ; Relationship ; Clock Skew ; Data Delay ;
+--------+-------------------------------------------------+-------------------------------------------------+------------------------+------------------------+--------------+------------+------------+
; -2.589 ; game_selection:select_game_option|game_selected ; game_selection:select_game_option|game_selected ; reset_save_game_button ; reset_save_game_button ; 1.000        ; 0.000      ; 1.445      ;
+--------+-------------------------------------------------+-------------------------------------------------+------------------------+------------------------+--------------+------------+------------+


+----------------------------------------------------------------------------------------------------------------------------------------------------------------------------------------------------------------------------------------------------------------+
; Setup: 'debouncer_button:btn_change_game|debouncer'                                                                                                                                                                                                            ;
+--------+-----------------------------------------------------+-----------------------------------------------------+-----------------------------------------------------+--------------------------------------------+--------------+------------+------------+
; Slack  ; From Node                                           ; To Node                                             ; Launch Clock                                        ; Latch Clock                                ; Relationship ; Clock Skew ; Data Delay ;
+--------+-----------------------------------------------------+-----------------------------------------------------+-----------------------------------------------------+--------------------------------------------+--------------+------------+------------+
; -1.465 ; game_option_change:change_game_option|game_reg.1000 ; game_option_change:change_game_option|game_reg.0001 ; debouncer_button:btn_change_game|debouncer          ; debouncer_button:btn_change_game|debouncer ; 1.000        ; 0.000      ; 2.132      ;
; -1.323 ; game_option_change:change_game_option|game_reg.0010 ; game_option_change:change_game_option|game_reg.0100 ; debouncer_button:btn_change_game|debouncer          ; debouncer_button:btn_change_game|debouncer ; 1.000        ; 0.000      ; 1.990      ;
; -1.213 ; game_option_change:change_game_option|game_reg.0000 ; game_option_change:change_game_option|game_reg.0001 ; debouncer_button:btn_change_game|debouncer          ; debouncer_button:btn_change_game|debouncer ; 1.000        ; 0.000      ; 1.880      ;
; -0.946 ; game_option_change:change_game_option|game_reg.0100 ; game_option_change:change_game_option|game_reg.1000 ; debouncer_button:btn_change_game|debouncer          ; debouncer_button:btn_change_game|debouncer ; 1.000        ; 0.000      ; 1.613      ;
; 2.305  ; game_option_change:change_game_option|game_reg.0001 ; game_option_change:change_game_option|game_reg.0010 ; game_option_change:change_game_option|game_reg.0001 ; debouncer_button:btn_change_game|debouncer ; 0.500        ; 3.664      ; 1.902      ;
; 2.805  ; game_option_change:change_game_option|game_reg.0001 ; game_option_change:change_game_option|game_reg.0010 ; game_option_change:change_game_option|game_reg.0001 ; debouncer_button:btn_change_game|debouncer ; 1.000        ; 3.664      ; 1.902      ;
+--------+-----------------------------------------------------+-----------------------------------------------------+-----------------------------------------------------+--------------------------------------------+--------------+------------+------------+


+-------------------------------------------------------------------------------------------------------------------------------------------------------------------------------------------------------------------------+
; Hold: 'clk:clock_divider|out'                                                                                                                                                                                           ;
+--------+--------------------------------------------+--------------------------------------------+-----------------------------------------------------+-----------------------+--------------+------------+------------+
; Slack  ; From Node                                  ; To Node                                    ; Launch Clock                                        ; Latch Clock           ; Relationship ; Clock Skew ; Data Delay ;
+--------+--------------------------------------------+--------------------------------------------+-----------------------------------------------------+-----------------------+--------------+------------+------------+
; -2.944 ; debouncer_button:btn_change_game|debouncer ; debouncer_button:btn_change_game|debouncer ; debouncer_button:btn_change_game|debouncer          ; clk:clock_divider|out ; 0.000        ; 4.808      ; 2.461      ;
; -2.444 ; debouncer_button:btn_change_game|debouncer ; debouncer_button:btn_change_game|debouncer ; debouncer_button:btn_change_game|debouncer          ; clk:clock_divider|out ; -0.500       ; 4.808      ; 2.461      ;
; -0.507 ; game_selection:select_game_option|col2[0]  ; matriz_controller:matrix|lines[0]          ; game_option_change:change_game_option|game_reg.0001 ; clk:clock_divider|out ; 0.000        ; 3.005      ; 2.719      ;
; 1.680  ; debouncer_button:btn_change_game|state[1]  ; debouncer_button:btn_change_game|state[1]  ; clk:clock_divider|out                               ; clk:clock_divider|out ; 0.000        ; 0.000      ; 1.901      ;
; 1.683  ; debouncer_button:btn_change_game|state[1]  ; debouncer_button:btn_change_game|state[0]  ; clk:clock_divider|out                               ; clk:clock_divider|out ; 0.000        ; 0.000      ; 1.904      ;
; 1.683  ; debouncer_button:btn_change_game|state[1]  ; debouncer_button:btn_change_game|debouncer ; clk:clock_divider|out                               ; clk:clock_divider|out ; 0.000        ; 0.000      ; 1.904      ;
; 1.770  ; matriz_controller:matrix|count[1]          ; matriz_controller:matrix|count[1]          ; clk:clock_divider|out                               ; clk:clock_divider|out ; 0.000        ; 0.000      ; 1.991      ;
; 1.776  ; matriz_controller:matrix|count[1]          ; matriz_controller:matrix|columns[1]        ; clk:clock_divider|out                               ; clk:clock_divider|out ; 0.000        ; 0.000      ; 1.997      ;
; 1.781  ; matriz_controller:matrix|count[1]          ; matriz_controller:matrix|columns[0]        ; clk:clock_divider|out                               ; clk:clock_divider|out ; 0.000        ; 0.000      ; 2.002      ;
; 1.782  ; matriz_controller:matrix|count[1]          ; matriz_controller:matrix|lines[0]          ; clk:clock_divider|out                               ; clk:clock_divider|out ; 0.000        ; 0.000      ; 2.003      ;
; 1.783  ; matriz_controller:matrix|count[1]          ; matriz_controller:matrix|columns[2]        ; clk:clock_divider|out                               ; clk:clock_divider|out ; 0.000        ; 0.000      ; 2.004      ;
; 1.784  ; matriz_controller:matrix|count[1]          ; matriz_controller:matrix|columns[3]        ; clk:clock_divider|out                               ; clk:clock_divider|out ; 0.000        ; 0.000      ; 2.005      ;
; 1.943  ; debouncer_button:btn_change_game|state[0]  ; debouncer_button:btn_change_game|state[0]  ; clk:clock_divider|out                               ; clk:clock_divider|out ; 0.000        ; 0.000      ; 2.164      ;
; 1.951  ; debouncer_button:btn_change_game|state[0]  ; debouncer_button:btn_change_game|state[1]  ; clk:clock_divider|out                               ; clk:clock_divider|out ; 0.000        ; 0.000      ; 2.172      ;
; 1.955  ; debouncer_button:btn_change_game|state[0]  ; debouncer_button:btn_change_game|debouncer ; clk:clock_divider|out                               ; clk:clock_divider|out ; 0.000        ; 0.000      ; 2.176      ;
; 2.035  ; matriz_controller:matrix|count[2]          ; matriz_controller:matrix|columns[4]        ; clk:clock_divider|out                               ; clk:clock_divider|out ; 0.000        ; 0.000      ; 2.256      ;
; 2.197  ; matriz_controller:matrix|count[0]          ; matriz_controller:matrix|columns[3]        ; clk:clock_divider|out                               ; clk:clock_divider|out ; 0.000        ; 0.000      ; 2.418      ;
; 2.433  ; matriz_controller:matrix|count[1]          ; matriz_controller:matrix|count[2]          ; clk:clock_divider|out                               ; clk:clock_divider|out ; 0.000        ; 0.000      ; 2.654      ;
; 2.464  ; matriz_controller:matrix|count[0]          ; matriz_controller:matrix|count[0]          ; clk:clock_divider|out                               ; clk:clock_divider|out ; 0.000        ; 0.000      ; 2.685      ;
; 2.467  ; matriz_controller:matrix|count[0]          ; matriz_controller:matrix|count[1]          ; clk:clock_divider|out                               ; clk:clock_divider|out ; 0.000        ; 0.000      ; 2.688      ;
; 2.472  ; matriz_controller:matrix|count[0]          ; matriz_controller:matrix|columns[1]        ; clk:clock_divider|out                               ; clk:clock_divider|out ; 0.000        ; 0.000      ; 2.693      ;
; 2.476  ; matriz_controller:matrix|count[0]          ; matriz_controller:matrix|columns[0]        ; clk:clock_divider|out                               ; clk:clock_divider|out ; 0.000        ; 0.000      ; 2.697      ;
; 2.477  ; matriz_controller:matrix|count[0]          ; matriz_controller:matrix|lines[0]          ; clk:clock_divider|out                               ; clk:clock_divider|out ; 0.000        ; 0.000      ; 2.698      ;
; 2.478  ; matriz_controller:matrix|count[0]          ; matriz_controller:matrix|columns[2]        ; clk:clock_divider|out                               ; clk:clock_divider|out ; 0.000        ; 0.000      ; 2.699      ;
; 2.558  ; matriz_controller:matrix|count[2]          ; matriz_controller:matrix|columns[3]        ; clk:clock_divider|out                               ; clk:clock_divider|out ; 0.000        ; 0.000      ; 2.779      ;
; 2.654  ; matriz_controller:matrix|count[2]          ; matriz_controller:matrix|columns[2]        ; clk:clock_divider|out                               ; clk:clock_divider|out ; 0.000        ; 0.000      ; 2.875      ;
; 2.654  ; matriz_controller:matrix|count[2]          ; matriz_controller:matrix|columns[1]        ; clk:clock_divider|out                               ; clk:clock_divider|out ; 0.000        ; 0.000      ; 2.875      ;
; 2.654  ; matriz_controller:matrix|count[2]          ; matriz_controller:matrix|columns[0]        ; clk:clock_divider|out                               ; clk:clock_divider|out ; 0.000        ; 0.000      ; 2.875      ;
; 2.851  ; matriz_controller:matrix|count[2]          ; matriz_controller:matrix|count[1]          ; clk:clock_divider|out                               ; clk:clock_divider|out ; 0.000        ; 0.000      ; 3.072      ;
; 2.851  ; matriz_controller:matrix|count[2]          ; matriz_controller:matrix|count[0]          ; clk:clock_divider|out                               ; clk:clock_divider|out ; 0.000        ; 0.000      ; 3.072      ;
; 2.862  ; matriz_controller:matrix|count[2]          ; matriz_controller:matrix|lines[0]          ; clk:clock_divider|out                               ; clk:clock_divider|out ; 0.000        ; 0.000      ; 3.083      ;
; 2.916  ; matriz_controller:matrix|count[0]          ; matriz_controller:matrix|count[2]          ; clk:clock_divider|out                               ; clk:clock_divider|out ; 0.000        ; 0.000      ; 3.137      ;
; 3.286  ; matriz_controller:matrix|count[1]          ; matriz_controller:matrix|columns[4]        ; clk:clock_divider|out                               ; clk:clock_divider|out ; 0.000        ; 0.000      ; 3.507      ;
; 3.305  ; matriz_controller:matrix|count[2]          ; matriz_controller:matrix|count[2]          ; clk:clock_divider|out                               ; clk:clock_divider|out ; 0.000        ; 0.000      ; 3.526      ;
; 3.768  ; matriz_controller:matrix|count[0]          ; matriz_controller:matrix|columns[4]        ; clk:clock_divider|out                               ; clk:clock_divider|out ; 0.000        ; 0.000      ; 3.989      ;
+--------+--------------------------------------------+--------------------------------------------+-----------------------------------------------------+-----------------------+--------------+------------+------------+


+----------------------------------------------------------------------------------------------------------------------------------------------------------------------------------------------------------------------------------------------------------------+
; Hold: 'debouncer_button:btn_change_game|debouncer'                                                                                                                                                                                                             ;
+--------+-----------------------------------------------------+-----------------------------------------------------+-----------------------------------------------------+--------------------------------------------+--------------+------------+------------+
; Slack  ; From Node                                           ; To Node                                             ; Launch Clock                                        ; Latch Clock                                ; Relationship ; Clock Skew ; Data Delay ;
+--------+-----------------------------------------------------+-----------------------------------------------------+-----------------------------------------------------+--------------------------------------------+--------------+------------+------------+
; -2.359 ; game_option_change:change_game_option|game_reg.0001 ; game_option_change:change_game_option|game_reg.0010 ; game_option_change:change_game_option|game_reg.0001 ; debouncer_button:btn_change_game|debouncer ; 0.000        ; 3.664      ; 1.902      ;
; -1.859 ; game_option_change:change_game_option|game_reg.0001 ; game_option_change:change_game_option|game_reg.0010 ; game_option_change:change_game_option|game_reg.0001 ; debouncer_button:btn_change_game|debouncer ; -0.500       ; 3.664      ; 1.902      ;
; 1.392  ; game_option_change:change_game_option|game_reg.0100 ; game_option_change:change_game_option|game_reg.1000 ; debouncer_button:btn_change_game|debouncer          ; debouncer_button:btn_change_game|debouncer ; 0.000        ; 0.000      ; 1.613      ;
; 1.659  ; game_option_change:change_game_option|game_reg.0000 ; game_option_change:change_game_option|game_reg.0001 ; debouncer_button:btn_change_game|debouncer          ; debouncer_button:btn_change_game|debouncer ; 0.000        ; 0.000      ; 1.880      ;
; 1.769  ; game_option_change:change_game_option|game_reg.0010 ; game_option_change:change_game_option|game_reg.0100 ; debouncer_button:btn_change_game|debouncer          ; debouncer_button:btn_change_game|debouncer ; 0.000        ; 0.000      ; 1.990      ;
; 1.911  ; game_option_change:change_game_option|game_reg.1000 ; game_option_change:change_game_option|game_reg.0001 ; debouncer_button:btn_change_game|debouncer          ; debouncer_button:btn_change_game|debouncer ; 0.000        ; 0.000      ; 2.132      ;
+--------+-----------------------------------------------------+-----------------------------------------------------+-----------------------------------------------------+--------------------------------------------+--------------+------------+------------+


+---------------------------------------------------------------------------------------------------------------------------------------------------+
; Hold: 'clock'                                                                                                                                     ;
+--------+-----------------------------+-----------------------------+-----------------------+-------------+--------------+------------+------------+
; Slack  ; From Node                   ; To Node                     ; Launch Clock          ; Latch Clock ; Relationship ; Clock Skew ; Data Delay ;
+--------+-----------------------------+-----------------------------+-----------------------+-------------+--------------+------------+------------+
; -1.511 ; clk:clock_divider|out       ; clk:clock_divider|out       ; clk:clock_divider|out ; clock       ; 0.000        ; 3.348      ; 2.434      ;
; -1.011 ; clk:clock_divider|out       ; clk:clock_divider|out       ; clk:clock_divider|out ; clock       ; -0.500       ; 3.348      ; 2.434      ;
; 2.127  ; clk:clock_divider|count[5]  ; clk:clock_divider|count[5]  ; clock                 ; clock       ; 0.000        ; 0.000      ; 2.348      ;
; 2.141  ; clk:clock_divider|count[8]  ; clk:clock_divider|count[8]  ; clock                 ; clock       ; 0.000        ; 0.000      ; 2.362      ;
; 2.143  ; clk:clock_divider|count[10] ; clk:clock_divider|count[10] ; clock                 ; clock       ; 0.000        ; 0.000      ; 2.364      ;
; 2.144  ; clk:clock_divider|count[7]  ; clk:clock_divider|count[7]  ; clock                 ; clock       ; 0.000        ; 0.000      ; 2.365      ;
; 2.144  ; clk:clock_divider|count[9]  ; clk:clock_divider|count[9]  ; clock                 ; clock       ; 0.000        ; 0.000      ; 2.365      ;
; 2.144  ; clk:clock_divider|count[15] ; clk:clock_divider|count[15] ; clock                 ; clock       ; 0.000        ; 0.000      ; 2.365      ;
; 2.145  ; clk:clock_divider|count[0]  ; clk:clock_divider|count[0]  ; clock                 ; clock       ; 0.000        ; 0.000      ; 2.366      ;
; 2.233  ; clk:clock_divider|count[11] ; clk:clock_divider|count[11] ; clock                 ; clock       ; 0.000        ; 0.000      ; 2.454      ;
; 2.239  ; clk:clock_divider|count[3]  ; clk:clock_divider|count[3]  ; clock                 ; clock       ; 0.000        ; 0.000      ; 2.460      ;
; 2.240  ; clk:clock_divider|count[2]  ; clk:clock_divider|count[2]  ; clock                 ; clock       ; 0.000        ; 0.000      ; 2.461      ;
; 2.248  ; clk:clock_divider|count[6]  ; clk:clock_divider|count[6]  ; clock                 ; clock       ; 0.000        ; 0.000      ; 2.469      ;
; 2.249  ; clk:clock_divider|count[12] ; clk:clock_divider|count[12] ; clock                 ; clock       ; 0.000        ; 0.000      ; 2.470      ;
; 2.250  ; clk:clock_divider|count[1]  ; clk:clock_divider|count[1]  ; clock                 ; clock       ; 0.000        ; 0.000      ; 2.471      ;
; 2.251  ; clk:clock_divider|count[4]  ; clk:clock_divider|count[4]  ; clock                 ; clock       ; 0.000        ; 0.000      ; 2.472      ;
; 2.260  ; clk:clock_divider|count[13] ; clk:clock_divider|count[13] ; clock                 ; clock       ; 0.000        ; 0.000      ; 2.481      ;
; 2.262  ; clk:clock_divider|count[14] ; clk:clock_divider|count[14] ; clock                 ; clock       ; 0.000        ; 0.000      ; 2.483      ;
; 2.959  ; clk:clock_divider|count[5]  ; clk:clock_divider|count[6]  ; clock                 ; clock       ; 0.000        ; 0.000      ; 3.180      ;
; 2.973  ; clk:clock_divider|count[8]  ; clk:clock_divider|count[9]  ; clock                 ; clock       ; 0.000        ; 0.000      ; 3.194      ;
; 2.975  ; clk:clock_divider|count[10] ; clk:clock_divider|count[11] ; clock                 ; clock       ; 0.000        ; 0.000      ; 3.196      ;
; 2.976  ; clk:clock_divider|count[9]  ; clk:clock_divider|count[10] ; clock                 ; clock       ; 0.000        ; 0.000      ; 3.197      ;
; 2.977  ; clk:clock_divider|count[0]  ; clk:clock_divider|count[1]  ; clock                 ; clock       ; 0.000        ; 0.000      ; 3.198      ;
; 3.070  ; clk:clock_divider|count[5]  ; clk:clock_divider|count[7]  ; clock                 ; clock       ; 0.000        ; 0.000      ; 3.291      ;
; 3.071  ; clk:clock_divider|count[2]  ; clk:clock_divider|out       ; clock                 ; clock       ; 0.000        ; 0.000      ; 3.292      ;
; 3.084  ; clk:clock_divider|count[8]  ; clk:clock_divider|count[10] ; clock                 ; clock       ; 0.000        ; 0.000      ; 3.305      ;
; 3.086  ; clk:clock_divider|count[10] ; clk:clock_divider|count[12] ; clock                 ; clock       ; 0.000        ; 0.000      ; 3.307      ;
; 3.087  ; clk:clock_divider|count[9]  ; clk:clock_divider|count[11] ; clock                 ; clock       ; 0.000        ; 0.000      ; 3.308      ;
; 3.088  ; clk:clock_divider|count[0]  ; clk:clock_divider|count[2]  ; clock                 ; clock       ; 0.000        ; 0.000      ; 3.309      ;
; 3.173  ; clk:clock_divider|count[11] ; clk:clock_divider|count[12] ; clock                 ; clock       ; 0.000        ; 0.000      ; 3.394      ;
; 3.179  ; clk:clock_divider|count[3]  ; clk:clock_divider|count[4]  ; clock                 ; clock       ; 0.000        ; 0.000      ; 3.400      ;
; 3.188  ; clk:clock_divider|count[6]  ; clk:clock_divider|count[7]  ; clock                 ; clock       ; 0.000        ; 0.000      ; 3.409      ;
; 3.190  ; clk:clock_divider|count[1]  ; clk:clock_divider|count[2]  ; clock                 ; clock       ; 0.000        ; 0.000      ; 3.411      ;
; 3.191  ; clk:clock_divider|count[4]  ; clk:clock_divider|count[5]  ; clock                 ; clock       ; 0.000        ; 0.000      ; 3.412      ;
; 3.195  ; clk:clock_divider|count[8]  ; clk:clock_divider|count[11] ; clock                 ; clock       ; 0.000        ; 0.000      ; 3.416      ;
; 3.198  ; clk:clock_divider|count[9]  ; clk:clock_divider|count[12] ; clock                 ; clock       ; 0.000        ; 0.000      ; 3.419      ;
; 3.200  ; clk:clock_divider|count[13] ; clk:clock_divider|count[14] ; clock                 ; clock       ; 0.000        ; 0.000      ; 3.421      ;
; 3.202  ; clk:clock_divider|count[14] ; clk:clock_divider|count[15] ; clock                 ; clock       ; 0.000        ; 0.000      ; 3.423      ;
; 3.290  ; clk:clock_divider|count[3]  ; clk:clock_divider|count[5]  ; clock                 ; clock       ; 0.000        ; 0.000      ; 3.511      ;
; 3.302  ; clk:clock_divider|count[4]  ; clk:clock_divider|count[6]  ; clock                 ; clock       ; 0.000        ; 0.000      ; 3.523      ;
; 3.306  ; clk:clock_divider|count[8]  ; clk:clock_divider|count[12] ; clock                 ; clock       ; 0.000        ; 0.000      ; 3.527      ;
; 3.311  ; clk:clock_divider|count[13] ; clk:clock_divider|count[15] ; clock                 ; clock       ; 0.000        ; 0.000      ; 3.532      ;
; 3.401  ; clk:clock_divider|count[3]  ; clk:clock_divider|count[6]  ; clock                 ; clock       ; 0.000        ; 0.000      ; 3.622      ;
; 3.413  ; clk:clock_divider|count[4]  ; clk:clock_divider|count[7]  ; clock                 ; clock       ; 0.000        ; 0.000      ; 3.634      ;
; 3.501  ; clk:clock_divider|count[2]  ; clk:clock_divider|count[3]  ; clock                 ; clock       ; 0.000        ; 0.000      ; 3.722      ;
; 3.501  ; clk:clock_divider|count[2]  ; clk:clock_divider|count[4]  ; clock                 ; clock       ; 0.000        ; 0.000      ; 3.722      ;
; 3.501  ; clk:clock_divider|count[2]  ; clk:clock_divider|count[5]  ; clock                 ; clock       ; 0.000        ; 0.000      ; 3.722      ;
; 3.501  ; clk:clock_divider|count[2]  ; clk:clock_divider|count[6]  ; clock                 ; clock       ; 0.000        ; 0.000      ; 3.722      ;
; 3.501  ; clk:clock_divider|count[2]  ; clk:clock_divider|count[7]  ; clock                 ; clock       ; 0.000        ; 0.000      ; 3.722      ;
; 3.510  ; clk:clock_divider|count[12] ; clk:clock_divider|count[13] ; clock                 ; clock       ; 0.000        ; 0.000      ; 3.731      ;
; 3.510  ; clk:clock_divider|count[12] ; clk:clock_divider|count[14] ; clock                 ; clock       ; 0.000        ; 0.000      ; 3.731      ;
; 3.510  ; clk:clock_divider|count[12] ; clk:clock_divider|count[15] ; clock                 ; clock       ; 0.000        ; 0.000      ; 3.731      ;
; 3.510  ; clk:clock_divider|count[6]  ; clk:clock_divider|out       ; clock                 ; clock       ; 0.000        ; 0.000      ; 3.731      ;
; 3.512  ; clk:clock_divider|count[3]  ; clk:clock_divider|count[7]  ; clock                 ; clock       ; 0.000        ; 0.000      ; 3.733      ;
; 3.555  ; clk:clock_divider|count[10] ; clk:clock_divider|count[13] ; clock                 ; clock       ; 0.000        ; 0.000      ; 3.776      ;
; 3.555  ; clk:clock_divider|count[10] ; clk:clock_divider|count[14] ; clock                 ; clock       ; 0.000        ; 0.000      ; 3.776      ;
; 3.555  ; clk:clock_divider|count[10] ; clk:clock_divider|count[15] ; clock                 ; clock       ; 0.000        ; 0.000      ; 3.776      ;
; 3.557  ; clk:clock_divider|count[0]  ; clk:clock_divider|count[3]  ; clock                 ; clock       ; 0.000        ; 0.000      ; 3.778      ;
; 3.557  ; clk:clock_divider|count[0]  ; clk:clock_divider|count[4]  ; clock                 ; clock       ; 0.000        ; 0.000      ; 3.778      ;
; 3.557  ; clk:clock_divider|count[0]  ; clk:clock_divider|count[5]  ; clock                 ; clock       ; 0.000        ; 0.000      ; 3.778      ;
; 3.557  ; clk:clock_divider|count[0]  ; clk:clock_divider|count[6]  ; clock                 ; clock       ; 0.000        ; 0.000      ; 3.778      ;
; 3.557  ; clk:clock_divider|count[0]  ; clk:clock_divider|count[7]  ; clock                 ; clock       ; 0.000        ; 0.000      ; 3.778      ;
; 3.642  ; clk:clock_divider|count[11] ; clk:clock_divider|count[13] ; clock                 ; clock       ; 0.000        ; 0.000      ; 3.863      ;
; 3.642  ; clk:clock_divider|count[11] ; clk:clock_divider|count[14] ; clock                 ; clock       ; 0.000        ; 0.000      ; 3.863      ;
; 3.642  ; clk:clock_divider|count[11] ; clk:clock_divider|count[15] ; clock                 ; clock       ; 0.000        ; 0.000      ; 3.863      ;
; 3.659  ; clk:clock_divider|count[1]  ; clk:clock_divider|count[3]  ; clock                 ; clock       ; 0.000        ; 0.000      ; 3.880      ;
; 3.659  ; clk:clock_divider|count[1]  ; clk:clock_divider|count[4]  ; clock                 ; clock       ; 0.000        ; 0.000      ; 3.880      ;
; 3.659  ; clk:clock_divider|count[1]  ; clk:clock_divider|count[5]  ; clock                 ; clock       ; 0.000        ; 0.000      ; 3.880      ;
; 3.659  ; clk:clock_divider|count[1]  ; clk:clock_divider|count[6]  ; clock                 ; clock       ; 0.000        ; 0.000      ; 3.880      ;
; 3.659  ; clk:clock_divider|count[1]  ; clk:clock_divider|count[7]  ; clock                 ; clock       ; 0.000        ; 0.000      ; 3.880      ;
; 3.667  ; clk:clock_divider|count[9]  ; clk:clock_divider|count[13] ; clock                 ; clock       ; 0.000        ; 0.000      ; 3.888      ;
; 3.667  ; clk:clock_divider|count[9]  ; clk:clock_divider|count[14] ; clock                 ; clock       ; 0.000        ; 0.000      ; 3.888      ;
; 3.667  ; clk:clock_divider|count[9]  ; clk:clock_divider|count[15] ; clock                 ; clock       ; 0.000        ; 0.000      ; 3.888      ;
; 3.775  ; clk:clock_divider|count[8]  ; clk:clock_divider|count[13] ; clock                 ; clock       ; 0.000        ; 0.000      ; 3.996      ;
; 3.775  ; clk:clock_divider|count[8]  ; clk:clock_divider|count[14] ; clock                 ; clock       ; 0.000        ; 0.000      ; 3.996      ;
; 3.775  ; clk:clock_divider|count[8]  ; clk:clock_divider|count[15] ; clock                 ; clock       ; 0.000        ; 0.000      ; 3.996      ;
; 3.795  ; clk:clock_divider|count[7]  ; clk:clock_divider|count[13] ; clock                 ; clock       ; 0.000        ; 0.000      ; 4.016      ;
; 3.795  ; clk:clock_divider|count[7]  ; clk:clock_divider|count[14] ; clock                 ; clock       ; 0.000        ; 0.000      ; 4.016      ;
; 3.795  ; clk:clock_divider|count[7]  ; clk:clock_divider|count[15] ; clock                 ; clock       ; 0.000        ; 0.000      ; 4.016      ;
; 3.808  ; clk:clock_divider|count[7]  ; clk:clock_divider|count[8]  ; clock                 ; clock       ; 0.000        ; 0.000      ; 4.029      ;
; 3.808  ; clk:clock_divider|count[7]  ; clk:clock_divider|count[9]  ; clock                 ; clock       ; 0.000        ; 0.000      ; 4.029      ;
; 3.808  ; clk:clock_divider|count[7]  ; clk:clock_divider|count[10] ; clock                 ; clock       ; 0.000        ; 0.000      ; 4.029      ;
; 3.808  ; clk:clock_divider|count[7]  ; clk:clock_divider|count[11] ; clock                 ; clock       ; 0.000        ; 0.000      ; 4.029      ;
; 3.808  ; clk:clock_divider|count[7]  ; clk:clock_divider|count[12] ; clock                 ; clock       ; 0.000        ; 0.000      ; 4.029      ;
; 3.848  ; clk:clock_divider|count[5]  ; clk:clock_divider|out       ; clock                 ; clock       ; 0.000        ; 0.000      ; 4.069      ;
; 3.874  ; clk:clock_divider|count[1]  ; clk:clock_divider|out       ; clock                 ; clock       ; 0.000        ; 0.000      ; 4.095      ;
; 3.920  ; clk:clock_divider|count[5]  ; clk:clock_divider|count[13] ; clock                 ; clock       ; 0.000        ; 0.000      ; 4.141      ;
; 3.920  ; clk:clock_divider|count[5]  ; clk:clock_divider|count[14] ; clock                 ; clock       ; 0.000        ; 0.000      ; 4.141      ;
; 3.920  ; clk:clock_divider|count[5]  ; clk:clock_divider|count[15] ; clock                 ; clock       ; 0.000        ; 0.000      ; 4.141      ;
; 3.929  ; clk:clock_divider|count[3]  ; clk:clock_divider|out       ; clock                 ; clock       ; 0.000        ; 0.000      ; 4.150      ;
; 3.933  ; clk:clock_divider|count[5]  ; clk:clock_divider|count[8]  ; clock                 ; clock       ; 0.000        ; 0.000      ; 4.154      ;
; 3.933  ; clk:clock_divider|count[5]  ; clk:clock_divider|count[9]  ; clock                 ; clock       ; 0.000        ; 0.000      ; 4.154      ;
; 3.933  ; clk:clock_divider|count[5]  ; clk:clock_divider|count[10] ; clock                 ; clock       ; 0.000        ; 0.000      ; 4.154      ;
; 3.933  ; clk:clock_divider|count[5]  ; clk:clock_divider|count[11] ; clock                 ; clock       ; 0.000        ; 0.000      ; 4.154      ;
; 3.933  ; clk:clock_divider|count[5]  ; clk:clock_divider|count[12] ; clock                 ; clock       ; 0.000        ; 0.000      ; 4.154      ;
; 4.038  ; clk:clock_divider|count[6]  ; clk:clock_divider|count[13] ; clock                 ; clock       ; 0.000        ; 0.000      ; 4.259      ;
; 4.038  ; clk:clock_divider|count[6]  ; clk:clock_divider|count[14] ; clock                 ; clock       ; 0.000        ; 0.000      ; 4.259      ;
; 4.038  ; clk:clock_divider|count[6]  ; clk:clock_divider|count[15] ; clock                 ; clock       ; 0.000        ; 0.000      ; 4.259      ;
; 4.046  ; clk:clock_divider|count[7]  ; clk:clock_divider|out       ; clock                 ; clock       ; 0.000        ; 0.000      ; 4.267      ;
; 4.050  ; clk:clock_divider|count[9]  ; clk:clock_divider|out       ; clock                 ; clock       ; 0.000        ; 0.000      ; 4.271      ;
+--------+-----------------------------+-----------------------------+-----------------------+-------------+--------------+------------+------------+


+---------------------------------------------------------------------------------------------------------------------------------------------------------------------------------------------------------------------------------------------------------------+
; Hold: 'game_option_change:change_game_option|game_reg.0001'                                                                                                                                                                                                   ;
+--------+-----------------------------------------------------+-------------------------------------------+-----------------------------------------------------+-----------------------------------------------------+--------------+------------+------------+
; Slack  ; From Node                                           ; To Node                                   ; Launch Clock                                        ; Latch Clock                                         ; Relationship ; Clock Skew ; Data Delay ;
+--------+-----------------------------------------------------+-------------------------------------------+-----------------------------------------------------+-----------------------------------------------------+--------------+------------+------------+
; -0.031 ; game_option_change:change_game_option|game_reg.0001 ; game_selection:select_game_option|col2[0] ; game_option_change:change_game_option|game_reg.0001 ; game_option_change:change_game_option|game_reg.0001 ; 0.000        ; 1.803      ; 2.369      ;
; 0.469  ; game_option_change:change_game_option|game_reg.0001 ; game_selection:select_game_option|col2[0] ; game_option_change:change_game_option|game_reg.0001 ; game_option_change:change_game_option|game_reg.0001 ; -0.500       ; 1.803      ; 2.369      ;
; 1.919  ; game_selection:select_game_option|col2[0]           ; game_selection:select_game_option|col2[0] ; game_option_change:change_game_option|game_reg.0001 ; game_option_change:change_game_option|game_reg.0001 ; 0.000        ; 0.000      ; 2.140      ;
; 3.295  ; game_selection:select_game_option|game_selected     ; game_selection:select_game_option|col2[0] ; reset_save_game_button                              ; game_option_change:change_game_option|game_reg.0001 ; -0.500       ; -2.120     ; 0.896      ;
+--------+-----------------------------------------------------+-------------------------------------------+-----------------------------------------------------+-----------------------------------------------------+--------------+------------+------------+


+------------------------------------------------------------------------------------------------------------------------------------------------------------------------------------------------------+
; Hold: 'reset_save_game_button'                                                                                                                                                                       ;
+-------+-------------------------------------------------+-------------------------------------------------+------------------------+------------------------+--------------+------------+------------+
; Slack ; From Node                                       ; To Node                                         ; Launch Clock           ; Latch Clock            ; Relationship ; Clock Skew ; Data Delay ;
+-------+-------------------------------------------------+-------------------------------------------------+------------------------+------------------------+--------------+------------+------------+
; 1.445 ; game_selection:select_game_option|game_selected ; game_selection:select_game_option|game_selected ; reset_save_game_button ; reset_save_game_button ; 0.000        ; 0.000      ; 1.445      ;
+-------+-------------------------------------------------+-------------------------------------------------+------------------------+------------------------+--------------+------------+------------+


+-----------------------------------------------------------------------------------------------------------------------------------------------------------------------------------------------------+
; Recovery: 'game_option_change:change_game_option|game_reg.0001'                                                                                                                                     ;
+--------+------------------------+-------------------------------------------+------------------------+-----------------------------------------------------+--------------+------------+------------+
; Slack  ; From Node              ; To Node                                   ; Launch Clock           ; Latch Clock                                         ; Relationship ; Clock Skew ; Data Delay ;
+--------+------------------------+-------------------------------------------+------------------------+-----------------------------------------------------+--------------+------------+------------+
; -3.293 ; reset_save_game_button ; game_selection:select_game_option|col2[0] ; reset_save_game_button ; game_option_change:change_game_option|game_reg.0001 ; 0.500        ; 1.803      ; 5.263      ;
; -2.793 ; reset_save_game_button ; game_selection:select_game_option|col2[0] ; reset_save_game_button ; game_option_change:change_game_option|game_reg.0001 ; 1.000        ; 1.803      ; 5.263      ;
+--------+------------------------+-------------------------------------------+------------------------+-----------------------------------------------------+--------------+------------+------------+


+----------------------------------------------------------------------------------------------------------------------------------------------------------------------------------------------------+
; Removal: 'game_option_change:change_game_option|game_reg.0001'                                                                                                                                     ;
+-------+------------------------+-------------------------------------------+------------------------+-----------------------------------------------------+--------------+------------+------------+
; Slack ; From Node              ; To Node                                   ; Launch Clock           ; Latch Clock                                         ; Relationship ; Clock Skew ; Data Delay ;
+-------+------------------------+-------------------------------------------+------------------------+-----------------------------------------------------+--------------+------------+------------+
; 3.239 ; reset_save_game_button ; game_selection:select_game_option|col2[0] ; reset_save_game_button ; game_option_change:change_game_option|game_reg.0001 ; 0.000        ; 1.803      ; 5.263      ;
; 3.739 ; reset_save_game_button ; game_selection:select_game_option|col2[0] ; reset_save_game_button ; game_option_change:change_game_option|game_reg.0001 ; -0.500       ; 1.803      ; 5.263      ;
+-------+------------------------+-------------------------------------------+------------------------+-----------------------------------------------------+--------------+------------+------------+


+-------------------------------------------------------------------------------------------------------------------------------------------------------+
; Setup Transfers                                                                                                                                       ;
+-----------------------------------------------------+-----------------------------------------------------+----------+----------+----------+----------+
; From Clock                                          ; To Clock                                            ; RR Paths ; FR Paths ; RF Paths ; FF Paths ;
+-----------------------------------------------------+-----------------------------------------------------+----------+----------+----------+----------+
; clk:clock_divider|out                               ; clk:clock_divider|out                               ; 45       ; 0        ; 0        ; 0        ;
; debouncer_button:btn_change_game|debouncer          ; clk:clock_divider|out                               ; 1        ; 1        ; 0        ; 0        ;
; game_option_change:change_game_option|game_reg.0001 ; clk:clock_divider|out                               ; 1        ; 0        ; 0        ; 0        ;
; clk:clock_divider|out                               ; clock                                               ; 1        ; 1        ; 0        ; 0        ;
; clock                                               ; clock                                               ; 248      ; 0        ; 0        ; 0        ;
; debouncer_button:btn_change_game|debouncer          ; debouncer_button:btn_change_game|debouncer          ; 4        ; 0        ; 0        ; 0        ;
; game_option_change:change_game_option|game_reg.0001 ; debouncer_button:btn_change_game|debouncer          ; 1        ; 1        ; 0        ; 0        ;
; game_option_change:change_game_option|game_reg.0001 ; game_option_change:change_game_option|game_reg.0001 ; 2        ; 1        ; 0        ; 0        ;
; reset_save_game_button                              ; game_option_change:change_game_option|game_reg.0001 ; 0        ; 1        ; 0        ; 0        ;
; reset_save_game_button                              ; reset_save_game_button                              ; 0        ; 0        ; 0        ; 1        ;
+-----------------------------------------------------+-----------------------------------------------------+----------+----------+----------+----------+
Entries labeled "false path" only account for clock-to-clock false paths and not path-based false paths. As a result, actual path counts may be lower than reported.


+-------------------------------------------------------------------------------------------------------------------------------------------------------+
; Hold Transfers                                                                                                                                        ;
+-----------------------------------------------------+-----------------------------------------------------+----------+----------+----------+----------+
; From Clock                                          ; To Clock                                            ; RR Paths ; FR Paths ; RF Paths ; FF Paths ;
+-----------------------------------------------------+-----------------------------------------------------+----------+----------+----------+----------+
; clk:clock_divider|out                               ; clk:clock_divider|out                               ; 45       ; 0        ; 0        ; 0        ;
; debouncer_button:btn_change_game|debouncer          ; clk:clock_divider|out                               ; 1        ; 1        ; 0        ; 0        ;
; game_option_change:change_game_option|game_reg.0001 ; clk:clock_divider|out                               ; 1        ; 0        ; 0        ; 0        ;
; clk:clock_divider|out                               ; clock                                               ; 1        ; 1        ; 0        ; 0        ;
; clock                                               ; clock                                               ; 248      ; 0        ; 0        ; 0        ;
; debouncer_button:btn_change_game|debouncer          ; debouncer_button:btn_change_game|debouncer          ; 4        ; 0        ; 0        ; 0        ;
; game_option_change:change_game_option|game_reg.0001 ; debouncer_button:btn_change_game|debouncer          ; 1        ; 1        ; 0        ; 0        ;
; game_option_change:change_game_option|game_reg.0001 ; game_option_change:change_game_option|game_reg.0001 ; 2        ; 1        ; 0        ; 0        ;
; reset_save_game_button                              ; game_option_change:change_game_option|game_reg.0001 ; 0        ; 1        ; 0        ; 0        ;
; reset_save_game_button                              ; reset_save_game_button                              ; 0        ; 0        ; 0        ; 1        ;
+-----------------------------------------------------+-----------------------------------------------------+----------+----------+----------+----------+
Entries labeled "false path" only account for clock-to-clock false paths and not path-based false paths. As a result, actual path counts may be lower than reported.


+--------------------------------------------------------------------------------------------------------------------------+
; Recovery Transfers                                                                                                       ;
+------------------------+-----------------------------------------------------+----------+----------+----------+----------+
; From Clock             ; To Clock                                            ; RR Paths ; FR Paths ; RF Paths ; FF Paths ;
+------------------------+-----------------------------------------------------+----------+----------+----------+----------+
; reset_save_game_button ; game_option_change:change_game_option|game_reg.0001 ; 1        ; 1        ; 0        ; 0        ;
+------------------------+-----------------------------------------------------+----------+----------+----------+----------+
Entries labeled "false path" only account for clock-to-clock false paths and not path-based false paths. As a result, actual path counts may be lower than reported.


+--------------------------------------------------------------------------------------------------------------------------+
; Removal Transfers                                                                                                        ;
+------------------------+-----------------------------------------------------+----------+----------+----------+----------+
; From Clock             ; To Clock                                            ; RR Paths ; FR Paths ; RF Paths ; FF Paths ;
+------------------------+-----------------------------------------------------+----------+----------+----------+----------+
; reset_save_game_button ; game_option_change:change_game_option|game_reg.0001 ; 1        ; 1        ; 0        ; 0        ;
+------------------------+-----------------------------------------------------+----------+----------+----------+----------+
Entries labeled "false path" only account for clock-to-clock false paths and not path-based false paths. As a result, actual path counts may be lower than reported.


---------------
; Report TCCS ;
---------------
No dedicated SERDES Transmitter circuitry present in device or used in design


---------------
; Report RSKM ;
---------------
No non-DPA dedicated SERDES Receiver circuitry present in device or used in design


+------------------------------------------------+
; Unconstrained Paths Summary                    ;
+---------------------------------+-------+------+
; Property                        ; Setup ; Hold ;
+---------------------------------+-------+------+
; Illegal Clocks                  ; 0     ; 0    ;
; Unconstrained Clocks            ; 0     ; 0    ;
; Unconstrained Input Ports       ; 2     ; 2    ;
; Unconstrained Input Port Paths  ; 5     ; 5    ;
; Unconstrained Output Ports      ; 7     ; 7    ;
; Unconstrained Output Port Paths ; 7     ; 7    ;
+---------------------------------+-------+------+


+--------------------------------------------------------------------------------------------------------------------------------+
; Clock Status Summary                                                                                                           ;
+-----------------------------------------------------+-----------------------------------------------------+------+-------------+
; Target                                              ; Clock                                               ; Type ; Status      ;
+-----------------------------------------------------+-----------------------------------------------------+------+-------------+
; clk:clock_divider|out                               ; clk:clock_divider|out                               ; Base ; Constrained ;
; clock                                               ; clock                                               ; Base ; Constrained ;
; debouncer_button:btn_change_game|debouncer          ; debouncer_button:btn_change_game|debouncer          ; Base ; Constrained ;
; game_option_change:change_game_option|game_reg.0001 ; game_option_change:change_game_option|game_reg.0001 ; Base ; Constrained ;
; reset_save_game_button                              ; reset_save_game_button                              ; Base ; Constrained ;
+-----------------------------------------------------+-----------------------------------------------------+------+-------------+


+-----------------------------------------------------------------------------------------------------------+
; Unconstrained Input Ports                                                                                 ;
+--------------------+--------------------------------------------------------------------------------------+
; Input Port         ; Comment                                                                              ;
+--------------------+--------------------------------------------------------------------------------------+
; change_game_button ; No input delay, min/max delays, false-path exceptions, or max skew assignments found ;
; select_game_button ; No input delay, min/max delays, false-path exceptions, or max skew assignments found ;
+--------------------+--------------------------------------------------------------------------------------+


+------------------------------------------------------------------------------------------------------+
; Unconstrained Output Ports                                                                           ;
+--------------+---------------------------------------------------------------------------------------+
; Output Port  ; Comment                                                                               ;
+--------------+---------------------------------------------------------------------------------------+
; clock_output ; No output delay, min/max delays, false-path exceptions, or max skew assignments found ;
; columns[0]   ; No output delay, min/max delays, false-path exceptions, or max skew assignments found ;
; columns[1]   ; No output delay, min/max delays, false-path exceptions, or max skew assignments found ;
; columns[2]   ; No output delay, min/max delays, false-path exceptions, or max skew assignments found ;
; columns[3]   ; No output delay, min/max delays, false-path exceptions, or max skew assignments found ;
; columns[4]   ; No output delay, min/max delays, false-path exceptions, or max skew assignments found ;
; lines[0]     ; No output delay, min/max delays, false-path exceptions, or max skew assignments found ;
+--------------+---------------------------------------------------------------------------------------+


+-----------------------------------------------------------------------------------------------------------+
; Unconstrained Input Ports                                                                                 ;
+--------------------+--------------------------------------------------------------------------------------+
; Input Port         ; Comment                                                                              ;
+--------------------+--------------------------------------------------------------------------------------+
; change_game_button ; No input delay, min/max delays, false-path exceptions, or max skew assignments found ;
; select_game_button ; No input delay, min/max delays, false-path exceptions, or max skew assignments found ;
+--------------------+--------------------------------------------------------------------------------------+


+------------------------------------------------------------------------------------------------------+
; Unconstrained Output Ports                                                                           ;
+--------------+---------------------------------------------------------------------------------------+
; Output Port  ; Comment                                                                               ;
+--------------+---------------------------------------------------------------------------------------+
; clock_output ; No output delay, min/max delays, false-path exceptions, or max skew assignments found ;
; columns[0]   ; No output delay, min/max delays, false-path exceptions, or max skew assignments found ;
; columns[1]   ; No output delay, min/max delays, false-path exceptions, or max skew assignments found ;
; columns[2]   ; No output delay, min/max delays, false-path exceptions, or max skew assignments found ;
; columns[3]   ; No output delay, min/max delays, false-path exceptions, or max skew assignments found ;
; columns[4]   ; No output delay, min/max delays, false-path exceptions, or max skew assignments found ;
; lines[0]     ; No output delay, min/max delays, false-path exceptions, or max skew assignments found ;
+--------------+---------------------------------------------------------------------------------------+


+--------------------------+
; Timing Analyzer Messages ;
+--------------------------+
Info: *******************************************************************
Info: Running Quartus Prime Timing Analyzer
    Info: Version 22.1std.2 Build 922 07/20/2023 SC Lite Edition
    Info: Processing started: Sun Nov 19 00:12:17 2023
Info: Command: quartus_sta p2_02 -c p2_02
Info: qsta_default_script.tcl version: #1
Warning (18236): Number of processors has not been specified which may cause overloading on shared machines.  Set the global assignment NUM_PARALLEL_PROCESSORS in your QSF to an appropriate value for best performance.
Info (20030): Parallel compilation is enabled and will use 2 of the 2 processors detected
Info (21077): Low junction temperature is 0 degrees C
Info (21077): High junction temperature is 85 degrees C
Info (334003): Started post-fitting delay annotation
Info (334004): Delay annotation completed successfully
Warning (335093): The Timing Analyzer is analyzing 1 combinational loops as latches. For more details, run the Check Timing command in the Timing Analyzer or view the "User-Specified and Inferred Latches" table in the Analysis & Synthesis report.
Critical Warning (332012): Synopsys Design Constraints File file not found: 'p2_02.sdc'. A Synopsys Design Constraints File is required by the Timing Analyzer to get proper timing constraints. Without it, the Compiler will not properly optimize the design.
Info (332142): No user constrained base clocks found in the design. Calling "derive_clocks -period 1.0"
Info (332105): Deriving Clocks
    Info (332105): create_clock -period 1.000 -name clk:clock_divider|out clk:clock_divider|out
    Info (332105): create_clock -period 1.000 -name clock clock
    Info (332105): create_clock -period 1.000 -name game_option_change:change_game_option|game_reg.0001 game_option_change:change_game_option|game_reg.0001
    Info (332105): create_clock -period 1.000 -name debouncer_button:btn_change_game|debouncer debouncer_button:btn_change_game|debouncer
    Info (332105): create_clock -period 1.000 -name reset_save_game_button reset_save_game_button
Info: Found TIMING_ANALYZER_REPORT_SCRIPT_INCLUDE_DEFAULT_ANALYSIS = ON
Info: Can't run Report Timing Closure Recommendations. The current device family is not supported.
Critical Warning (332148): Timing requirements not met
Info (332146): Worst-case setup slack is -4.280
    Info (332119):     Slack       End Point TNS Clock 
    Info (332119): ========= =================== =====================
    Info (332119):    -4.280             -59.237 clock 
    Info (332119):    -3.322             -31.206 clk:clock_divider|out 
    Info (332119):    -2.849              -2.849 game_option_change:change_game_option|game_reg.0001 
    Info (332119):    -2.589              -2.589 reset_save_game_button 
    Info (332119):    -1.465              -3.734 debouncer_button:btn_change_game|debouncer 
Info (332146): Worst-case hold slack is -2.944
    Info (332119):     Slack       End Point TNS Clock 
    Info (332119): ========= =================== =====================
    Info (332119):    -2.944              -3.451 clk:clock_divider|out 
    Info (332119):    -2.359              -2.359 debouncer_button:btn_change_game|debouncer 
    Info (332119):    -1.511              -1.511 clock 
    Info (332119):    -0.031              -0.031 game_option_change:change_game_option|game_reg.0001 
    Info (332119):     1.445               0.000 reset_save_game_button 
Info (332146): Worst-case recovery slack is -3.293
    Info (332119):     Slack       End Point TNS Clock 
    Info (332119): ========= =================== =====================
    Info (332119):    -3.293              -3.293 game_option_change:change_game_option|game_reg.0001 
Info (332146): Worst-case removal slack is 3.239
    Info (332119):     Slack       End Point TNS Clock 
    Info (332119): ========= =================== =====================
    Info (332119):     3.239               0.000 game_option_change:change_game_option|game_reg.0001 
Info (332146): Worst-case minimum pulse width slack is -2.289
    Info (332119):     Slack       End Point TNS Clock 
    Info (332119): ========= =================== =====================
    Info (332119):    -2.289              -2.289 clock 
    Info (332119):    -2.289              -2.289 reset_save_game_button 
    Info (332119):     0.234               0.000 clk:clock_divider|out 
    Info (332119):     0.234               0.000 debouncer_button:btn_change_game|debouncer 
    Info (332119):     0.234               0.000 game_option_change:change_game_option|game_reg.0001 
Info (332001): The selected device family is not supported by the report_metastability command.
Info (332102): Design is not fully constrained for setup requirements
Info (332102): Design is not fully constrained for hold requirements
Info: Quartus Prime Timing Analyzer was successful. 0 errors, 4 warnings
    Info: Peak virtual memory: 4668 megabytes
    Info: Processing ended: Sun Nov 19 00:12:18 2023
    Info: Elapsed time: 00:00:01
    Info: Total CPU time (on all processors): 00:00:00


