Fitter report for p2_03
Tue Dec  5 11:48:52 2023
Quartus Prime Version 22.1std.2 Build 922 07/20/2023 SC Lite Edition


---------------------
; Table of Contents ;
---------------------
  1. Legal Notice
  2. Fitter Summary
  3. Fitter Settings
  4. Parallel Compilation
  5. Ignored Assignments
  6. Pin-Out File
  7. Fitter Resource Usage Summary
  8. Input Pins
  9. Output Pins
 10. Bidir Pins
 11. I/O Bank Usage
 12. All Package Pins
 13. Output Pin Default Load For Reported TCO
 14. Fitter Resource Utilization by Entity
 15. Delay Chain Summary
 16. Control Signals
 17. Global & Other Fast Signals
 18. Routing Usage Summary
 19. LAB Logic Elements
 20. LAB-wide Signals
 21. LAB Signals Sourced
 22. LAB Signals Sourced Out
 23. LAB Distinct Inputs
 24. Fitter Device Options
 25. Estimated Delay Added for Hold Timing Summary
 26. Estimated Delay Added for Hold Timing Details
 27. Fitter Messages
 28. Fitter Suppressed Messages



----------------
; Legal Notice ;
----------------
Copyright (C) 2023  Intel Corporation. All rights reserved.
Your use of Intel Corporation's design tools, logic functions 
and other software and tools, and any partner logic 
functions, and any output files from any of the foregoing 
(including device programming or simulation files), and any 
associated documentation or information are expressly subject 
to the terms and conditions of the Intel Program License 
Subscription Agreement, the Intel Quartus Prime License Agreement,
the Intel FPGA IP License Agreement, or other applicable license
agreement, including, without limitation, that your use is for
the sole purpose of programming logic devices manufactured by
Intel and sold by Intel or its authorized distributors.  Please
refer to the applicable agreement for further details, at
https://fpgasoftware.intel.com/eula.



+------------------------------------------------------------------------+
; Fitter Summary                                                         ;
+-----------------------+------------------------------------------------+
; Fitter Status         ; Successful - Tue Dec  5 11:48:52 2023          ;
; Quartus Prime Version ; 22.1std.2 Build 922 07/20/2023 SC Lite Edition ;
; Revision Name         ; p2_03                                          ;
; Top-level Entity Name ; modulo_principal                               ;
; Family                ; MAX II                                         ;
; Device                ; EPM240T100C5                                   ;
; Timing Models         ; Final                                          ;
; Total logic elements  ; 138 / 240 ( 57 % )                             ;
; Total pins            ; 26 / 80 ( 33 % )                               ;
; Total virtual pins    ; 0                                              ;
; UFM blocks            ; 0 / 1 ( 0 % )                                  ;
+-----------------------+------------------------------------------------+


+--------------------------------------------------------------------------------------------------------------------------------------+
; Fitter Settings                                                                                                                      ;
+--------------------------------------------------------------------+--------------------------------+--------------------------------+
; Option                                                             ; Setting                        ; Default Value                  ;
+--------------------------------------------------------------------+--------------------------------+--------------------------------+
; Device                                                             ; EPM240T100C5                   ;                                ;
; Minimum Core Junction Temperature                                  ; 0                              ;                                ;
; Maximum Core Junction Temperature                                  ; 85                             ;                                ;
; Fit Attempts to Skip                                               ; 0                              ; 0.0                            ;
; Use smart compilation                                              ; Off                            ; Off                            ;
; Enable parallel Assembler and Timing Analyzer during compilation   ; On                             ; On                             ;
; Enable compact report table                                        ; Off                            ; Off                            ;
; Router Timing Optimization Level                                   ; Normal                         ; Normal                         ;
; Placement Effort Multiplier                                        ; 1.0                            ; 1.0                            ;
; Router Effort Multiplier                                           ; 1.0                            ; 1.0                            ;
; Always Enable Input Buffers                                        ; Off                            ; Off                            ;
; Optimize Hold Timing                                               ; IO Paths and Minimum TPD Paths ; IO Paths and Minimum TPD Paths ;
; Optimize Multi-Corner Timing                                       ; Off                            ; Off                            ;
; Guarantee I/O Paths Have Zero Hold Time at Fast Corner             ; On                             ; On                             ;
; Power Optimization During Fitting                                  ; Normal compilation             ; Normal compilation             ;
; Optimize Timing                                                    ; Normal compilation             ; Normal compilation             ;
; Optimize Timing for ECOs                                           ; Off                            ; Off                            ;
; Regenerate Full Fit Report During ECO Compiles                     ; Off                            ; Off                            ;
; Optimize IOC Register Placement for Timing                         ; Normal                         ; Normal                         ;
; Limit to One Fitting Attempt                                       ; Off                            ; Off                            ;
; Final Placement Optimizations                                      ; Automatically                  ; Automatically                  ;
; Fitter Aggressive Routability Optimizations                        ; Automatically                  ; Automatically                  ;
; Fitter Initial Placement Seed                                      ; 1                              ; 1                              ;
; Periphery to Core Placement and Routing Optimization               ; Off                            ; Off                            ;
; Slow Slew Rate                                                     ; Off                            ; Off                            ;
; PCI I/O                                                            ; Off                            ; Off                            ;
; Weak Pull-Up Resistor                                              ; Off                            ; Off                            ;
; Enable Bus-Hold Circuitry                                          ; Off                            ; Off                            ;
; Auto Delay Chains                                                  ; On                             ; On                             ;
; Auto Delay Chains for High Fanout Input Pins                       ; Off                            ; Off                            ;
; Perform Physical Synthesis for Combinational Logic for Performance ; Off                            ; Off                            ;
; Perform Register Duplication for Performance                       ; Off                            ; Off                            ;
; Perform Register Retiming for Performance                          ; Off                            ; Off                            ;
; Perform Asynchronous Signal Pipelining                             ; Off                            ; Off                            ;
; Fitter Effort                                                      ; Auto Fit                       ; Auto Fit                       ;
; Physical Synthesis Effort Level                                    ; Normal                         ; Normal                         ;
; Logic Cell Insertion - Logic Duplication                           ; Auto                           ; Auto                           ;
; Auto Register Duplication                                          ; Auto                           ; Auto                           ;
; Auto Global Clock                                                  ; On                             ; On                             ;
; Auto Global Register Control Signals                               ; On                             ; On                             ;
; Force Fitter to Avoid Periphery Placement Warnings                 ; Off                            ; Off                            ;
+--------------------------------------------------------------------+--------------------------------+--------------------------------+


+------------------------------------------+
; Parallel Compilation                     ;
+----------------------------+-------------+
; Processors                 ; Number      ;
+----------------------------+-------------+
; Number detected on machine ; 4           ;
; Maximum allowed            ; 2           ;
;                            ;             ;
; Average used               ; 1.01        ;
; Maximum used               ; 2           ;
;                            ;             ;
; Usage by Processor         ; % Time Used ;
;     Processor 1            ; 100.0%      ;
;     Processor 2            ;   0.9%      ;
+----------------------------+-------------+


+----------------------------------------------------------------------------------------+
; Ignored Assignments                                                                    ;
+----------+----------------+--------------+------------+---------------+----------------+
; Name     ; Ignored Entity ; Ignored From ; Ignored To ; Ignored Value ; Ignored Source ;
+----------+----------------+--------------+------------+---------------+----------------+
; Location ;                ;              ; led        ; PIN_54        ; QSF Assignment ;
+----------+----------------+--------------+------------+---------------+----------------+


+--------------+
; Pin-Out File ;
+--------------+
The pin-out file can be found in D:/Documents/ProjectsQuartus/MI2023.2 P2 TESTE02/output_files/p2_03.pin.


+---------------------------------------------------------------------+
; Fitter Resource Usage Summary                                       ;
+---------------------------------------------+-----------------------+
; Resource                                    ; Usage                 ;
+---------------------------------------------+-----------------------+
; Total logic elements                        ; 138 / 240 ( 57 % )    ;
;     -- Combinational with no register       ; 86                    ;
;     -- Register only                        ; 0                     ;
;     -- Combinational with a register        ; 52                    ;
;                                             ;                       ;
; Logic element usage by number of LUT inputs ;                       ;
;     -- 4 input functions                    ; 47                    ;
;     -- 3 input functions                    ; 43                    ;
;     -- 2 input functions                    ; 43                    ;
;     -- 1 input functions                    ; 5                     ;
;     -- 0 input functions                    ; 0                     ;
;                                             ;                       ;
; Logic elements by mode                      ;                       ;
;     -- normal mode                          ; 123                   ;
;     -- arithmetic mode                      ; 15                    ;
;     -- qfbk mode                            ; 3                     ;
;     -- register cascade mode                ; 0                     ;
;     -- synchronous clear/load mode          ; 8                     ;
;     -- asynchronous clear/load mode         ; 0                     ;
;                                             ;                       ;
; Total registers                             ; 52 / 240 ( 22 % )     ;
; Total LABs                                  ; 18 / 24 ( 75 % )      ;
; Logic elements in carry chains              ; 16                    ;
; Virtual pins                                ; 0                     ;
; I/O pins                                    ; 26 / 80 ( 33 % )      ;
;     -- Clock pins                           ; 1 / 4 ( 25 % )        ;
;                                             ;                       ;
; UFM blocks                                  ; 0 / 1 ( 0 % )         ;
;                                             ;                       ;
;     -- Total Fixed Point DSP Blocks         ; 0                     ;
;     -- Total Floating Point DSP Blocks      ; 0                     ;
;                                             ;                       ;
; Global signals                              ; 4                     ;
;     -- Global clocks                        ; 4 / 4 ( 100 % )       ;
; JTAGs                                       ; 0 / 1 ( 0 % )         ;
; Average interconnect usage (total/H/V)      ; 16.3% / 18.6% / 14.0% ;
; Peak interconnect usage (total/H/V)         ; 16.3% / 18.6% / 14.0% ;
; Maximum fan-out                             ; 33                    ;
; Highest non-global fan-out                  ; 22                    ;
; Total fan-out                               ; 493                   ;
; Average fan-out                             ; 3.01                  ;
+---------------------------------------------+-----------------------+


+------------------------------------------------------------------------------------------------------------------------------------------------------------------------------------------------------------------------------------------------+
; Input Pins                                                                                                                                                                                                                                     ;
+------------------------+-------+----------+--------------+--------------+-------------+-----------------------+--------------------+--------+-----------------+----------+--------------+--------------+----------------------+----------------+
; Name                   ; Pin # ; I/O Bank ; X coordinate ; Y coordinate ; Cell number ; Combinational Fan-Out ; Registered Fan-Out ; Global ; PCI I/O Enabled ; Bus Hold ; Weak Pull Up ; I/O Standard ; Location assigned by ; Slow Slew Rate ;
+------------------------+-------+----------+--------------+--------------+-------------+-----------------------+--------------------+--------+-----------------+----------+--------------+--------------+----------------------+----------------+
; ataque_colunas[0]      ; 30    ; 1        ; 3            ; 0            ; 3           ; 1                     ; 0                  ; no     ; no              ; no       ; Off          ; 3.3-V LVTTL  ; User                 ; no             ;
; ataque_colunas[1]      ; 33    ; 1        ; 3            ; 0            ; 2           ; 1                     ; 0                  ; no     ; no              ; no       ; Off          ; 3.3-V LVTTL  ; User                 ; no             ;
; ataque_colunas[2]      ; 35    ; 1        ; 3            ; 0            ; 0           ; 1                     ; 0                  ; no     ; no              ; no       ; Off          ; 3.3-V LVTTL  ; User                 ; no             ;
; ataque_linhas[0]       ; 38    ; 1        ; 4            ; 0            ; 0           ; 3                     ; 0                  ; no     ; no              ; no       ; Off          ; 3.3-V LVTTL  ; User                 ; no             ;
; ataque_linhas[1]       ; 36    ; 1        ; 4            ; 0            ; 2           ; 9                     ; 0                  ; no     ; no              ; no       ; Off          ; 3.3-V LVTTL  ; User                 ; no             ;
; ataque_linhas[2]       ; 34    ; 1        ; 3            ; 0            ; 1           ; 11                    ; 0                  ; no     ; no              ; no       ; Off          ; 3.3-V LVTTL  ; User                 ; no             ;
; botao_confirmar_ataque ; 48    ; 1        ; 6            ; 0            ; 0           ; 3                     ; 0                  ; no     ; no              ; no       ; Off          ; 3.3-V LVTTL  ; User                 ; no             ;
; botao_mudar_jogo       ; 52    ; 2        ; 8            ; 1            ; 4           ; 3                     ; 0                  ; no     ; no              ; no       ; Off          ; 3.3-V LVTTL  ; User                 ; no             ;
; clock                  ; 12    ; 1        ; 1            ; 3            ; 3           ; 17                    ; 0                  ; yes    ; no              ; no       ; Off          ; 3.3-V LVTTL  ; User                 ; no             ;
; ligado                 ; 42    ; 1        ; 5            ; 0            ; 0           ; 33                    ; 0                  ; yes    ; no              ; no       ; Off          ; 3.3-V LVTTL  ; User                 ; no             ;
; modo                   ; 40    ; 1        ; 5            ; 0            ; 2           ; 22                    ; 0                  ; no     ; no              ; no       ; Off          ; 3.3-V LVTTL  ; User                 ; no             ;
+------------------------+-------+----------+--------------+--------------+-------------+-----------------------+--------------------+--------+-----------------+----------+--------------+--------------+----------------------+----------------+


+------------------------------------------------------------------------------------------------------------------------------------------------------------------------------------------------------------------------------------------------------------------------------------------------------------------------------+
; Output Pins                                                                                                                                                                                                                                                                                                                  ;
+------------+-------+----------+--------------+--------------+-------------+-----------------+----------------+-----------------+------------+---------------+----------+--------------+--------------+------------------+------------------------+----------------------+-------+----------------------+---------------------+
; Name       ; Pin # ; I/O Bank ; X coordinate ; Y coordinate ; Cell number ; Output Register ; Slow Slew Rate ; PCI I/O Enabled ; Open Drain ; TRI Primitive ; Bus Hold ; Weak Pull Up ; I/O Standard ; Current Strength ; Fast Output Connection ; Location assigned by ; Load  ; Output Enable Source ; Output Enable Group ;
+------------+-------+----------+--------------+--------------+-------------+-----------------+----------------+-----------------+------------+---------------+----------+--------------+--------------+------------------+------------------------+----------------------+-------+----------------------+---------------------+
; colunas[0] ; 97    ; 2        ; 3            ; 5            ; 3           ; no              ; no             ; no              ; no         ; no            ; no       ; Off          ; 3.3-V LVTTL  ; 16mA             ; no                     ; User                 ; 10 pF ; -                    ; -                   ;
; colunas[1] ; 99    ; 2        ; 2            ; 5            ; 1           ; no              ; no             ; no              ; no         ; no            ; no       ; Off          ; 3.3-V LVTTL  ; 16mA             ; no                     ; User                 ; 10 pF ; -                    ; -                   ;
; colunas[2] ; 95    ; 2        ; 3            ; 5            ; 1           ; no              ; no             ; no              ; no         ; no            ; no       ; Off          ; 3.3-V LVTTL  ; 16mA             ; no                     ; User                 ; 10 pF ; -                    ; -                   ;
; colunas[3] ; 82    ; 2        ; 6            ; 5            ; 1           ; no              ; no             ; no              ; no         ; no            ; no       ; Off          ; 3.3-V LVTTL  ; 16mA             ; no                     ; User                 ; 10 pF ; -                    ; -                   ;
; colunas[4] ; 78    ; 2        ; 7            ; 5            ; 3           ; no              ; no             ; no              ; no         ; no            ; no       ; Off          ; 3.3-V LVTTL  ; 16mA             ; no                     ; User                 ; 10 pF ; -                    ; -                   ;
; ledRGB[0]  ; 86    ; 2        ; 5            ; 5            ; 1           ; no              ; no             ; no              ; no         ; no            ; no       ; Off          ; 3.3-V LVTTL  ; 16mA             ; no                     ; User                 ; 10 pF ; -                    ; -                   ;
; ledRGB[1]  ; 72    ; 2        ; 8            ; 4            ; 2           ; no              ; no             ; no              ; no         ; no            ; no       ; Off          ; 3.3-V LVTTL  ; 16mA             ; no                     ; User                 ; 10 pF ; -                    ; -                   ;
; linhas[0]  ; 85    ; 2        ; 5            ; 5            ; 0           ; no              ; no             ; no              ; no         ; no            ; no       ; Off          ; 3.3-V LVTTL  ; 16mA             ; no                     ; User                 ; 10 pF ; -                    ; -                   ;
; linhas[1]  ; 83    ; 2        ; 6            ; 5            ; 2           ; no              ; no             ; no              ; no         ; no            ; no       ; Off          ; 3.3-V LVTTL  ; 16mA             ; no                     ; User                 ; 10 pF ; -                    ; -                   ;
; linhas[2]  ; 84    ; 2        ; 6            ; 5            ; 3           ; no              ; no             ; no              ; no         ; no            ; no       ; Off          ; 3.3-V LVTTL  ; 16mA             ; no                     ; User                 ; 10 pF ; -                    ; -                   ;
; linhas[3]  ; 87    ; 2        ; 5            ; 5            ; 2           ; no              ; no             ; no              ; no         ; no            ; no       ; Off          ; 3.3-V LVTTL  ; 16mA             ; no                     ; User                 ; 10 pF ; -                    ; -                   ;
; linhas[4]  ; 81    ; 2        ; 6            ; 5            ; 0           ; no              ; no             ; no              ; no         ; no            ; no       ; Off          ; 3.3-V LVTTL  ; 16mA             ; yes                    ; User                 ; 10 pF ; -                    ; -                   ;
; linhas[5]  ; 91    ; 2        ; 4            ; 5            ; 2           ; no              ; no             ; no              ; no         ; no            ; no       ; Off          ; 3.3-V LVTTL  ; 16mA             ; no                     ; User                 ; 10 pF ; -                    ; -                   ;
; linhas[6]  ; 89    ; 2        ; 4            ; 5            ; 0           ; no              ; no             ; no              ; no         ; no            ; no       ; Off          ; 3.3-V LVTTL  ; 16mA             ; no                     ; User                 ; 10 pF ; -                    ; -                   ;
+------------+-------+----------+--------------+--------------+-------------+-----------------+----------------+-----------------+------------+---------------+----------+--------------+--------------+------------------+------------------------+----------------------+-------+----------------------+---------------------+


+---------------------------------------------------------------------------------------------------------------------------------------------------------------------------------------------------------------------------------------------------------------------------------------------------------------------------------------------------------------------------+
; Bidir Pins                                                                                                                                                                                                                                                                                                                                                                ;
+-------------------+-------+----------+--------------+--------------+-------------+-----------------------+--------------------+--------+-----------------+----------------+-----------------+------------+----------+--------------+--------------+------------------+------------------------+----------------------+-------+----------------------+---------------------+
; Name              ; Pin # ; I/O Bank ; X coordinate ; Y coordinate ; Cell number ; Combinational Fan-Out ; Registered Fan-Out ; Global ; Output Register ; Slow Slew Rate ; PCI I/O Enabled ; Open Drain ; Bus Hold ; Weak Pull Up ; I/O Standard ; Current Strength ; Fast Output Connection ; Location assigned by ; Load  ; Output Enable Source ; Output Enable Group ;
+-------------------+-------+----------+--------------+--------------+-------------+-----------------------+--------------------+--------+-----------------+----------------+-----------------+------------+----------+--------------+--------------+------------------+------------------------+----------------------+-------+----------------------+---------------------+
; botao_salvar_jogo ; 50    ; 1        ; 7            ; 0            ; 1           ; 3                     ; 0                  ; no     ; no              ; no             ; no              ; yes        ; no       ; Off          ; 3.3-V LVTTL  ; 16mA             ; no                     ; User                 ; 10 pF ; -                    ; -                   ;
+-------------------+-------+----------+--------------+--------------+-------------+-----------------------+--------------------+--------+-----------------+----------------+-----------------+------------+----------+--------------+--------------+------------------+------------------------+----------------------+-------+----------------------+---------------------+


+------------------------------------------------------------+
; I/O Bank Usage                                             ;
+----------+------------------+---------------+--------------+
; I/O Bank ; Usage            ; VCCIO Voltage ; VREF Voltage ;
+----------+------------------+---------------+--------------+
; 1        ; 11 / 38 ( 29 % ) ; 3.3V          ; --           ;
; 2        ; 15 / 42 ( 36 % ) ; 3.3V          ; --           ;
+----------+------------------+---------------+--------------+


+--------------------------------------------------------------------------------------------------------------------------------------------------------+
; All Package Pins                                                                                                                                       ;
+----------+------------+----------+------------------------+--------+--------------+-----------+------------+-----------------+----------+--------------+
; Location ; Pad Number ; I/O Bank ; Pin Name/Usage         ; Dir.   ; I/O Standard ; Voltage   ; I/O Type   ; User Assignment ; Bus Hold ; Weak Pull Up ;
+----------+------------+----------+------------------------+--------+--------------+-----------+------------+-----------------+----------+--------------+
; 1        ; 83         ; 2        ; GND*                   ;        ;              ;           ; Column I/O ;                 ; no       ; Off          ;
; 2        ; 0          ; 1        ; GND*                   ;        ;              ;           ; Row I/O    ;                 ; no       ; Off          ;
; 3        ; 1          ; 1        ; GND*                   ;        ;              ;           ; Row I/O    ;                 ; no       ; Off          ;
; 4        ; 2          ; 1        ; GND*                   ;        ;              ;           ; Row I/O    ;                 ; no       ; Off          ;
; 5        ; 3          ; 1        ; GND*                   ;        ;              ;           ; Row I/O    ;                 ; no       ; Off          ;
; 6        ; 4          ; 1        ; GND*                   ;        ;              ;           ; Row I/O    ;                 ; no       ; Off          ;
; 7        ; 5          ; 1        ; GND*                   ;        ;              ;           ; Row I/O    ;                 ; no       ; Off          ;
; 8        ; 6          ; 1        ; GND*                   ;        ;              ;           ; Row I/O    ;                 ; no       ; Off          ;
; 9        ;            ; 1        ; VCCIO1                 ; power  ;              ; 3.3V      ; --         ;                 ; --       ; --           ;
; 10       ;            ;          ; GNDIO                  ; gnd    ;              ;           ; --         ;                 ; --       ; --           ;
; 11       ;            ;          ; GNDINT                 ; gnd    ;              ;           ; --         ;                 ; --       ; --           ;
; 12       ; 7          ; 1        ; clock                  ; input  ; 3.3-V LVTTL  ;           ; Row I/O    ; Y               ; no       ; Off          ;
; 13       ;            ;          ; VCCINT                 ; power  ;              ; 2.5V/3.3V ; --         ;                 ; --       ; --           ;
; 14       ; 8          ; 1        ; GND*                   ;        ;              ;           ; Row I/O    ;                 ; no       ; Off          ;
; 15       ; 9          ; 1        ; GND*                   ;        ;              ;           ; Row I/O    ;                 ; no       ; Off          ;
; 16       ; 10         ; 1        ; GND*                   ;        ;              ;           ; Row I/O    ;                 ; no       ; Off          ;
; 17       ; 11         ; 1        ; GND*                   ;        ;              ;           ; Row I/O    ;                 ; no       ; Off          ;
; 18       ; 12         ; 1        ; GND*                   ;        ;              ;           ; Row I/O    ;                 ; no       ; Off          ;
; 19       ; 13         ; 1        ; GND*                   ;        ;              ;           ; Row I/O    ;                 ; no       ; Off          ;
; 20       ; 14         ; 1        ; GND*                   ;        ;              ;           ; Row I/O    ;                 ; no       ; Off          ;
; 21       ; 15         ; 1        ; GND*                   ;        ;              ;           ; Row I/O    ;                 ; no       ; Off          ;
; 22       ; 16         ; 1        ; #TMS                   ; input  ;              ;           ; --         ;                 ; --       ; --           ;
; 23       ; 17         ; 1        ; #TDI                   ; input  ;              ;           ; --         ;                 ; --       ; --           ;
; 24       ; 18         ; 1        ; #TCK                   ; input  ;              ;           ; --         ;                 ; --       ; --           ;
; 25       ; 19         ; 1        ; #TDO                   ; output ;              ;           ; --         ;                 ; --       ; --           ;
; 26       ; 20         ; 1        ; GND*                   ;        ;              ;           ; Column I/O ;                 ; no       ; Off          ;
; 27       ; 21         ; 1        ; GND*                   ;        ;              ;           ; Column I/O ;                 ; no       ; Off          ;
; 28       ; 22         ; 1        ; GND*                   ;        ;              ;           ; Column I/O ;                 ; no       ; Off          ;
; 29       ; 23         ; 1        ; GND*                   ;        ;              ;           ; Column I/O ;                 ; no       ; Off          ;
; 30       ; 24         ; 1        ; ataque_colunas[0]      ; input  ; 3.3-V LVTTL  ;           ; Column I/O ; Y               ; no       ; Off          ;
; 31       ;            ; 1        ; VCCIO1                 ; power  ;              ; 3.3V      ; --         ;                 ; --       ; --           ;
; 32       ;            ;          ; GNDIO                  ; gnd    ;              ;           ; --         ;                 ; --       ; --           ;
; 33       ; 25         ; 1        ; ataque_colunas[1]      ; input  ; 3.3-V LVTTL  ;           ; Column I/O ; Y               ; no       ; Off          ;
; 34       ; 26         ; 1        ; ataque_linhas[2]       ; input  ; 3.3-V LVTTL  ;           ; Column I/O ; Y               ; no       ; Off          ;
; 35       ; 27         ; 1        ; ataque_colunas[2]      ; input  ; 3.3-V LVTTL  ;           ; Column I/O ; Y               ; no       ; Off          ;
; 36       ; 28         ; 1        ; ataque_linhas[1]       ; input  ; 3.3-V LVTTL  ;           ; Column I/O ; Y               ; no       ; Off          ;
; 37       ; 29         ; 1        ; GND*                   ;        ;              ;           ; Column I/O ;                 ; no       ; Off          ;
; 38       ; 30         ; 1        ; ataque_linhas[0]       ; input  ; 3.3-V LVTTL  ;           ; Column I/O ; Y               ; no       ; Off          ;
; 39       ; 31         ; 1        ; GND*                   ;        ;              ;           ; Column I/O ;                 ; no       ; Off          ;
; 40       ; 32         ; 1        ; modo                   ; input  ; 3.3-V LVTTL  ;           ; Column I/O ; Y               ; no       ; Off          ;
; 41       ; 33         ; 1        ; GND*                   ;        ;              ;           ; Column I/O ;                 ; no       ; Off          ;
; 42       ; 34         ; 1        ; ligado                 ; input  ; 3.3-V LVTTL  ;           ; Column I/O ; Y               ; no       ; Off          ;
; 43       ; 35         ; 1        ; GND*                   ;        ;              ;           ; Column I/O ;                 ; no       ; Off          ;
; 44       ; 36         ; 1        ; GND*                   ;        ;              ;           ; Column I/O ;                 ; no       ; Off          ;
; 45       ;            ; 1        ; VCCIO1                 ; power  ;              ; 3.3V      ; --         ;                 ; --       ; --           ;
; 46       ;            ;          ; GNDIO                  ; gnd    ;              ;           ; --         ;                 ; --       ; --           ;
; 47       ; 37         ; 1        ; GND*                   ;        ;              ;           ; Column I/O ;                 ; no       ; Off          ;
; 48       ; 38         ; 1        ; botao_confirmar_ataque ; input  ; 3.3-V LVTTL  ;           ; Column I/O ; Y               ; no       ; Off          ;
; 49       ; 39         ; 1        ; GND*                   ;        ;              ;           ; Column I/O ;                 ; no       ; Off          ;
; 50       ; 40         ; 1        ; botao_salvar_jogo      ; bidir  ; 3.3-V LVTTL  ;           ; Column I/O ; Y               ; no       ; Off          ;
; 51       ; 41         ; 1        ; GND*                   ;        ;              ;           ; Column I/O ;                 ; no       ; Off          ;
; 52       ; 42         ; 2        ; botao_mudar_jogo       ; input  ; 3.3-V LVTTL  ;           ; Row I/O    ; Y               ; no       ; Off          ;
; 53       ; 43         ; 2        ; GND*                   ;        ;              ;           ; Row I/O    ;                 ; no       ; Off          ;
; 54       ; 44         ; 2        ; GND*                   ;        ;              ;           ; Row I/O    ;                 ; no       ; Off          ;
; 55       ; 45         ; 2        ; GND*                   ;        ;              ;           ; Row I/O    ;                 ; no       ; Off          ;
; 56       ; 46         ; 2        ; GND*                   ;        ;              ;           ; Row I/O    ;                 ; no       ; Off          ;
; 57       ; 47         ; 2        ; GND*                   ;        ;              ;           ; Row I/O    ;                 ; no       ; Off          ;
; 58       ; 48         ; 2        ; GND*                   ;        ;              ;           ; Row I/O    ;                 ; no       ; Off          ;
; 59       ;            ; 2        ; VCCIO2                 ; power  ;              ; 3.3V      ; --         ;                 ; --       ; --           ;
; 60       ;            ;          ; GNDIO                  ; gnd    ;              ;           ; --         ;                 ; --       ; --           ;
; 61       ; 49         ; 2        ; GND*                   ;        ;              ;           ; Row I/O    ;                 ; no       ; Off          ;
; 62       ; 50         ; 2        ; GND*                   ;        ;              ;           ; Row I/O    ;                 ; no       ; Off          ;
; 63       ;            ;          ; VCCINT                 ; power  ;              ; 2.5V/3.3V ; --         ;                 ; --       ; --           ;
; 64       ; 51         ; 2        ; GND*                   ;        ;              ;           ; Row I/O    ;                 ; no       ; Off          ;
; 65       ;            ;          ; GNDINT                 ; gnd    ;              ;           ; --         ;                 ; --       ; --           ;
; 66       ; 52         ; 2        ; GND*                   ;        ;              ;           ; Row I/O    ;                 ; no       ; Off          ;
; 67       ; 53         ; 2        ; GND*                   ;        ;              ;           ; Row I/O    ;                 ; no       ; Off          ;
; 68       ; 54         ; 2        ; GND*                   ;        ;              ;           ; Row I/O    ;                 ; no       ; Off          ;
; 69       ; 55         ; 2        ; GND*                   ;        ;              ;           ; Row I/O    ;                 ; no       ; Off          ;
; 70       ; 56         ; 2        ; GND*                   ;        ;              ;           ; Row I/O    ;                 ; no       ; Off          ;
; 71       ; 57         ; 2        ; GND*                   ;        ;              ;           ; Row I/O    ;                 ; no       ; Off          ;
; 72       ; 58         ; 2        ; ledRGB[1]              ; output ; 3.3-V LVTTL  ;           ; Row I/O    ; Y               ; no       ; Off          ;
; 73       ; 59         ; 2        ; GND*                   ;        ;              ;           ; Row I/O    ;                 ; no       ; Off          ;
; 74       ; 60         ; 2        ; GND*                   ;        ;              ;           ; Row I/O    ;                 ; no       ; Off          ;
; 75       ; 61         ; 2        ; GND*                   ;        ;              ;           ; Column I/O ;                 ; no       ; Off          ;
; 76       ; 62         ; 2        ; GND*                   ;        ;              ;           ; Column I/O ;                 ; no       ; Off          ;
; 77       ; 63         ; 2        ; GND*                   ;        ;              ;           ; Column I/O ;                 ; no       ; Off          ;
; 78       ; 64         ; 2        ; colunas[4]             ; output ; 3.3-V LVTTL  ;           ; Column I/O ; Y               ; no       ; Off          ;
; 79       ;            ;          ; GNDIO                  ; gnd    ;              ;           ; --         ;                 ; --       ; --           ;
; 80       ;            ; 2        ; VCCIO2                 ; power  ;              ; 3.3V      ; --         ;                 ; --       ; --           ;
; 81       ; 65         ; 2        ; linhas[4]              ; output ; 3.3-V LVTTL  ;           ; Column I/O ; Y               ; no       ; Off          ;
; 82       ; 66         ; 2        ; colunas[3]             ; output ; 3.3-V LVTTL  ;           ; Column I/O ; Y               ; no       ; Off          ;
; 83       ; 67         ; 2        ; linhas[1]              ; output ; 3.3-V LVTTL  ;           ; Column I/O ; Y               ; no       ; Off          ;
; 84       ; 68         ; 2        ; linhas[2]              ; output ; 3.3-V LVTTL  ;           ; Column I/O ; Y               ; no       ; Off          ;
; 85       ; 69         ; 2        ; linhas[0]              ; output ; 3.3-V LVTTL  ;           ; Column I/O ; Y               ; no       ; Off          ;
; 86       ; 70         ; 2        ; ledRGB[0]              ; output ; 3.3-V LVTTL  ;           ; Column I/O ; Y               ; no       ; Off          ;
; 87       ; 71         ; 2        ; linhas[3]              ; output ; 3.3-V LVTTL  ;           ; Column I/O ; Y               ; no       ; Off          ;
; 88       ; 72         ; 2        ; GND*                   ;        ;              ;           ; Column I/O ;                 ; no       ; Off          ;
; 89       ; 73         ; 2        ; linhas[6]              ; output ; 3.3-V LVTTL  ;           ; Column I/O ; Y               ; no       ; Off          ;
; 90       ; 74         ; 2        ; GND*                   ;        ;              ;           ; Column I/O ;                 ; no       ; Off          ;
; 91       ; 75         ; 2        ; linhas[5]              ; output ; 3.3-V LVTTL  ;           ; Column I/O ; Y               ; no       ; Off          ;
; 92       ; 76         ; 2        ; GND*                   ;        ;              ;           ; Column I/O ;                 ; no       ; Off          ;
; 93       ;            ;          ; GNDIO                  ; gnd    ;              ;           ; --         ;                 ; --       ; --           ;
; 94       ;            ; 2        ; VCCIO2                 ; power  ;              ; 3.3V      ; --         ;                 ; --       ; --           ;
; 95       ; 77         ; 2        ; colunas[2]             ; output ; 3.3-V LVTTL  ;           ; Column I/O ; Y               ; no       ; Off          ;
; 96       ; 78         ; 2        ; GND*                   ;        ;              ;           ; Column I/O ;                 ; no       ; Off          ;
; 97       ; 79         ; 2        ; colunas[0]             ; output ; 3.3-V LVTTL  ;           ; Column I/O ; Y               ; no       ; Off          ;
; 98       ; 80         ; 2        ; GND*                   ;        ;              ;           ; Column I/O ;                 ; no       ; Off          ;
; 99       ; 81         ; 2        ; colunas[1]             ; output ; 3.3-V LVTTL  ;           ; Column I/O ; Y               ; no       ; Off          ;
; 100      ; 82         ; 2        ; GND*                   ;        ;              ;           ; Column I/O ;                 ; no       ; Off          ;
+----------+------------+----------+------------------------+--------+--------------+-----------+------------+-----------------+----------+--------------+
Note: Pin directions (input, output or bidir) are based on device operating in user mode.


+-------------------------------------------------------------+
; Output Pin Default Load For Reported TCO                    ;
+----------------------------+-------+------------------------+
; I/O Standard               ; Load  ; Termination Resistance ;
+----------------------------+-------+------------------------+
; 3.3-V LVTTL                ; 10 pF ; Not Available          ;
; 3.3-V LVCMOS               ; 10 pF ; Not Available          ;
; 2.5 V                      ; 10 pF ; Not Available          ;
; 1.8 V                      ; 10 pF ; Not Available          ;
; 1.5 V                      ; 10 pF ; Not Available          ;
; 3.3V Schmitt Trigger Input ; 10 pF ; Not Available          ;
; 2.5V Schmitt Trigger Input ; 10 pF ; Not Available          ;
+----------------------------+-------+------------------------+
Note: User assignments will override these defaults. The user specified values are listed in the Output Pins and Bidir Pins tables.


+------------------------------------------------------------------------------------------------------------------------------------------------------------------------------------------------------------------------------------------------------------------------------------------------------------+
; Fitter Resource Utilization by Entity                                                                                                                                                                                                                                                                      ;
+-------------------------------------------------+-------------+--------------+------------+------+--------------+--------------+-------------------+------------------+-----------------+------------+--------------------------------------------------------------+-----------------------+--------------+
; Compilation Hierarchy Node                      ; Logic Cells ; LC Registers ; UFM Blocks ; Pins ; Virtual Pins ; LUT-Only LCs ; Register-Only LCs ; LUT/Register LCs ; Carry Chain LCs ; Packed LCs ; Full Hierarchy Name                                          ; Entity Name           ; Library Name ;
+-------------------------------------------------+-------------+--------------+------------+------+--------------+--------------+-------------------+------------------+-----------------+------------+--------------------------------------------------------------+-----------------------+--------------+
; |modulo_principal                               ; 138 (0)     ; 52           ; 0          ; 26   ; 0            ; 86 (0)       ; 0 (0)             ; 52 (0)           ; 16 (0)          ; 3 (0)      ; |modulo_principal                                            ; modulo_principal      ; work         ;
;    |controlador_principal:controlador|          ; 67 (67)     ; 0            ; 0          ; 0    ; 0            ; 67 (67)      ; 0 (0)             ; 0 (0)            ; 0 (0)           ; 3 (3)      ; |modulo_principal|controlador_principal:controlador          ; controlador_principal ; work         ;
;    |matriz:matriz|                              ; 28 (28)     ; 15           ; 0          ; 0    ; 0            ; 13 (13)      ; 0 (0)             ; 15 (15)          ; 0 (0)           ; 0 (0)      ; |modulo_principal|matriz:matriz                              ; matriz                ; work         ;
;    |modulo_clock:comb_3|                        ; 22 (22)     ; 17           ; 0          ; 0    ; 0            ; 5 (5)        ; 0 (0)             ; 17 (17)          ; 16 (16)         ; 0 (0)      ; |modulo_principal|modulo_clock:comb_3                        ; modulo_clock          ; work         ;
;    |mudar_jogo:mudar_jogo|                      ; 12 (12)     ; 11           ; 0          ; 0    ; 0            ; 1 (1)        ; 0 (0)             ; 11 (11)          ; 0 (0)           ; 0 (0)      ; |modulo_principal|mudar_jogo:mudar_jogo                      ; mudar_jogo            ; work         ;
;    |tratar_botao:tratar_botao_confirmar_ataque| ; 3 (3)       ; 3            ; 0          ; 0    ; 0            ; 0 (0)        ; 0 (0)             ; 3 (3)            ; 0 (0)           ; 0 (0)      ; |modulo_principal|tratar_botao:tratar_botao_confirmar_ataque ; tratar_botao          ; work         ;
;    |tratar_botao:tratar_botao_mudar_jogo|       ; 3 (3)       ; 3            ; 0          ; 0    ; 0            ; 0 (0)        ; 0 (0)             ; 3 (3)            ; 0 (0)           ; 0 (0)      ; |modulo_principal|tratar_botao:tratar_botao_mudar_jogo       ; tratar_botao          ; work         ;
;    |tratar_botao:tratar_botao_salvar_jogo|      ; 3 (3)       ; 3            ; 0          ; 0    ; 0            ; 0 (0)        ; 0 (0)             ; 3 (3)            ; 0 (0)           ; 0 (0)      ; |modulo_principal|tratar_botao:tratar_botao_salvar_jogo      ; tratar_botao          ; work         ;
+-------------------------------------------------+-------------+--------------+------------+------+--------------+--------------+-------------------+------------------+-----------------+------------+--------------------------------------------------------------+-----------------------+--------------+
Note: For table entries with two numbers listed, the numbers in parentheses indicate the number of resources of the given type used by the specific entity alone. The numbers listed outside of parentheses indicate the total resources of the given type used by the specific entity and all of its sub-entities in the hierarchy.


+---------------------------------------------------+
; Delay Chain Summary                               ;
+------------------------+----------+---------------+
; Name                   ; Pin Type ; Pad to Core 0 ;
+------------------------+----------+---------------+
; colunas[0]             ; Output   ; --            ;
; colunas[1]             ; Output   ; --            ;
; colunas[2]             ; Output   ; --            ;
; colunas[3]             ; Output   ; --            ;
; colunas[4]             ; Output   ; --            ;
; linhas[0]              ; Output   ; --            ;
; linhas[1]              ; Output   ; --            ;
; linhas[2]              ; Output   ; --            ;
; linhas[3]              ; Output   ; --            ;
; linhas[4]              ; Output   ; --            ;
; linhas[5]              ; Output   ; --            ;
; linhas[6]              ; Output   ; --            ;
; ledRGB[0]              ; Output   ; --            ;
; ledRGB[1]              ; Output   ; --            ;
; botao_salvar_jogo      ; Bidir    ; (1)           ;
; ataque_colunas[0]      ; Input    ; (1)           ;
; ataque_colunas[1]      ; Input    ; (1)           ;
; ataque_colunas[2]      ; Input    ; (1)           ;
; ataque_linhas[2]       ; Input    ; (1)           ;
; ataque_linhas[1]       ; Input    ; (1)           ;
; ataque_linhas[0]       ; Input    ; (1)           ;
; modo                   ; Input    ; (0)           ;
; ligado                 ; Input    ; (0)           ;
; clock                  ; Input    ; (0)           ;
; botao_confirmar_ataque ; Input    ; (1)           ;
; botao_mudar_jogo       ; Input    ; (1)           ;
+------------------------+----------+---------------+


+------------------------------------------------------------------------------------------------------------------------------------------+
; Control Signals                                                                                                                          ;
+------------------------------------------------+-------------+---------+--------------+--------+----------------------+------------------+
; Name                                           ; Location    ; Fan-Out ; Usage        ; Global ; Global Resource Used ; Global Line Name ;
+------------------------------------------------+-------------+---------+--------------+--------+----------------------+------------------+
; clock                                          ; PIN_12      ; 17      ; Clock        ; yes    ; Global Clock         ; GCLK0            ;
; controlador_principal:controlador|always0~0    ; LC_X6_Y1_N9 ; 4       ; Latch enable ; no     ; --                   ; --               ;
; controlador_principal:controlador|jogo_salvo~0 ; LC_X4_Y1_N2 ; 7       ; Latch enable ; no     ; --                   ; --               ;
; ligado                                         ; PIN_42      ; 33      ; Latch enable ; yes    ; Global Clock         ; GCLK2            ;
; matriz:matriz|colunas[0]~0                     ; LC_X6_Y2_N8 ; 4       ; Clock enable ; no     ; --                   ; --               ;
; matriz:matriz|contador[2]                      ; LC_X6_Y2_N7 ; 17      ; Sync. clear  ; no     ; --                   ; --               ;
; modulo_clock:comb_3|saida                      ; LC_X2_Y3_N8 ; 25      ; Clock        ; yes    ; Global Clock         ; GCLK1            ;
; tratar_botao:tratar_botao_mudar_jogo|debouncer ; LC_X2_Y3_N6 ; 12      ; Clock        ; yes    ; Global Clock         ; GCLK3            ;
+------------------------------------------------+-------------+---------+--------------+--------+----------------------+------------------+


+------------------------------------------------------------------------------------------------------------------+
; Global & Other Fast Signals                                                                                      ;
+------------------------------------------------+-------------+---------+----------------------+------------------+
; Name                                           ; Location    ; Fan-Out ; Global Resource Used ; Global Line Name ;
+------------------------------------------------+-------------+---------+----------------------+------------------+
; clock                                          ; PIN_12      ; 17      ; Global Clock         ; GCLK0            ;
; ligado                                         ; PIN_42      ; 33      ; Global Clock         ; GCLK2            ;
; modulo_clock:comb_3|saida                      ; LC_X2_Y3_N8 ; 25      ; Global Clock         ; GCLK1            ;
; tratar_botao:tratar_botao_mudar_jogo|debouncer ; LC_X2_Y3_N6 ; 12      ; Global Clock         ; GCLK3            ;
+------------------------------------------------+-------------+---------+----------------------+------------------+


+--------------------------------------------+
; Routing Usage Summary                      ;
+-----------------------+--------------------+
; Routing Resource Type ; Usage              ;
+-----------------------+--------------------+
; C4s                   ; 95 / 784 ( 12 % )  ;
; Direct links          ; 33 / 888 ( 4 % )   ;
; Global clocks         ; 4 / 4 ( 100 % )    ;
; LAB clocks            ; 14 / 32 ( 44 % )   ;
; LUT chains            ; 14 / 216 ( 6 % )   ;
; Local interconnects   ; 192 / 888 ( 22 % ) ;
; R4s                   ; 105 / 704 ( 15 % ) ;
+-----------------------+--------------------+


+---------------------------------------------------------------------------+
; LAB Logic Elements                                                        ;
+--------------------------------------------+------------------------------+
; Number of Logic Elements  (Average = 7.67) ; Number of LABs  (Total = 18) ;
+--------------------------------------------+------------------------------+
; 1                                          ; 1                            ;
; 2                                          ; 0                            ;
; 3                                          ; 3                            ;
; 4                                          ; 0                            ;
; 5                                          ; 1                            ;
; 6                                          ; 0                            ;
; 7                                          ; 1                            ;
; 8                                          ; 1                            ;
; 9                                          ; 2                            ;
; 10                                         ; 9                            ;
+--------------------------------------------+------------------------------+


+-------------------------------------------------------------------+
; LAB-wide Signals                                                  ;
+------------------------------------+------------------------------+
; LAB-wide Signals  (Average = 0.83) ; Number of LABs  (Total = 18) ;
+------------------------------------+------------------------------+
; 1 Clock                            ; 10                           ;
; 2 Clocks                           ; 5                            ;
+------------------------------------+------------------------------+


+----------------------------------------------------------------------------+
; LAB Signals Sourced                                                        ;
+---------------------------------------------+------------------------------+
; Number of Signals Sourced  (Average = 7.83) ; Number of LABs  (Total = 18) ;
+---------------------------------------------+------------------------------+
; 0                                           ; 0                            ;
; 1                                           ; 1                            ;
; 2                                           ; 0                            ;
; 3                                           ; 3                            ;
; 4                                           ; 0                            ;
; 5                                           ; 1                            ;
; 6                                           ; 0                            ;
; 7                                           ; 0                            ;
; 8                                           ; 2                            ;
; 9                                           ; 2                            ;
; 10                                          ; 7                            ;
; 11                                          ; 2                            ;
+---------------------------------------------+------------------------------+


+--------------------------------------------------------------------------------+
; LAB Signals Sourced Out                                                        ;
+-------------------------------------------------+------------------------------+
; Number of Signals Sourced Out  (Average = 3.72) ; Number of LABs  (Total = 18) ;
+-------------------------------------------------+------------------------------+
; 0                                               ; 0                            ;
; 1                                               ; 4                            ;
; 2                                               ; 3                            ;
; 3                                               ; 0                            ;
; 4                                               ; 4                            ;
; 5                                               ; 4                            ;
; 6                                               ; 0                            ;
; 7                                               ; 3                            ;
+-------------------------------------------------+------------------------------+


+----------------------------------------------------------------------------+
; LAB Distinct Inputs                                                        ;
+---------------------------------------------+------------------------------+
; Number of Distinct Inputs  (Average = 8.11) ; Number of LABs  (Total = 18) ;
+---------------------------------------------+------------------------------+
; 0                                           ; 0                            ;
; 1                                           ; 1                            ;
; 2                                           ; 3                            ;
; 3                                           ; 1                            ;
; 4                                           ; 0                            ;
; 5                                           ; 0                            ;
; 6                                           ; 1                            ;
; 7                                           ; 1                            ;
; 8                                           ; 3                            ;
; 9                                           ; 2                            ;
; 10                                          ; 0                            ;
; 11                                          ; 0                            ;
; 12                                          ; 1                            ;
; 13                                          ; 2                            ;
; 14                                          ; 2                            ;
; 15                                          ; 1                            ;
+---------------------------------------------+------------------------------+


+-------------------------------------------------------------------------+
; Fitter Device Options                                                   ;
+----------------------------------------------+--------------------------+
; Option                                       ; Setting                  ;
+----------------------------------------------+--------------------------+
; Enable user-supplied start-up clock (CLKUSR) ; Off                      ;
; Enable device-wide reset (DEV_CLRn)          ; Off                      ;
; Enable device-wide output enable (DEV_OE)    ; Off                      ;
; Enable INIT_DONE output                      ; Off                      ;
; Configuration scheme                         ; Passive Serial           ;
; Reserve all unused pins                      ; As output driving ground ;
+----------------------------------------------+--------------------------+


+-----------------------------------------------------------------------------------------------+
; Estimated Delay Added for Hold Timing Summary                                                 ;
+----------------------------------------------------+----------------------+-------------------+
; Source Clock(s)                                    ; Destination Clock(s) ; Delay Added in ns ;
+----------------------------------------------------+----------------------+-------------------+
; I/O                                                ; ligado               ; 34.1              ;
; tratar_botao:tratar_botao_mudar_jogo|debouncer,I/O ; ligado               ; 32.9              ;
; I/O                                                ; modo                 ; 15.3              ;
+----------------------------------------------------+----------------------+-------------------+
Note: For more information on problematic transfers, consider running the Fitter again with the Optimize hold timing option (Settings Menu) turned off.
This will disable optimization of problematic paths and expose them for further analysis using the Timing Analyzer.


+------------------------------------------------------------------------------------------------------------------------------------------------+
; Estimated Delay Added for Hold Timing Details                                                                                                  ;
+------------------------------------------------------------------+---------------------------------------------------------+-------------------+
; Source Register                                                  ; Destination Register                                    ; Delay Added in ns ;
+------------------------------------------------------------------+---------------------------------------------------------+-------------------+
; modo                                                             ; controlador_principal:controlador|coluna2_saida[3]      ; 3.781             ;
; ligado                                                           ; controlador_principal:controlador|coluna1_jogo_salvo[5] ; 3.076             ;
; mudar_jogo:mudar_jogo|coluna3[5]                                 ; controlador_principal:controlador|coluna1_saida[5]      ; 1.890             ;
; mudar_jogo:mudar_jogo|coluna4[6]                                 ; controlador_principal:controlador|coluna1_saida[3]      ; 1.890             ;
; mudar_jogo:mudar_jogo|coluna4[5]                                 ; controlador_principal:controlador|coluna3_saida[3]      ; 1.890             ;
; controlador_principal:controlador|coluna1_ataque_bem_sucedido[6] ; controlador_principal:controlador|coluna1_saida[6]      ; 1.890             ;
; controlador_principal:controlador|coluna1_ataque_bem_sucedido[5] ; controlador_principal:controlador|coluna1_saida[5]      ; 1.890             ;
; mudar_jogo:mudar_jogo|coluna2[5]                                 ; controlador_principal:controlador|coluna1_saida[6]      ; 1.890             ;
; mudar_jogo:mudar_jogo|coluna4[3]                                 ; controlador_principal:controlador|coluna2_saida[1]      ; 1.890             ;
; mudar_jogo:mudar_jogo|coluna4[1]                                 ; controlador_principal:controlador|coluna1_saida[2]      ; 1.890             ;
; mudar_jogo:mudar_jogo|jogo[1]                                    ; controlador_principal:controlador|coluna2_saida[0]      ; 1.890             ;
; controlador_principal:controlador|coluna1_ataque_bem_sucedido[3] ; controlador_principal:controlador|coluna1_saida[3]      ; 1.890             ;
; controlador_principal:controlador|coluna1_ataque_bem_sucedido[2] ; controlador_principal:controlador|coluna1_saida[2]      ; 1.890             ;
; controlador_principal:controlador|coluna1_ataque_bem_sucedido[1] ; controlador_principal:controlador|coluna1_saida[1]      ; 1.890             ;
; mudar_jogo:mudar_jogo|coluna2[4]                                 ; controlador_principal:controlador|coluna2_saida[4]      ; 1.887             ;
; mudar_jogo:mudar_jogo|coluna3[1]                                 ; controlador_principal:controlador|coluna3_saida[1]      ; 1.887             ;
; mudar_jogo:mudar_jogo|jogo[0]                                    ; controlador_principal:controlador|coluna3_saida[6]      ; 1.887             ;
; mudar_jogo:mudar_jogo|coluna5[5]                                 ; controlador_principal:controlador|coluna1_saida[4]      ; 1.745             ;
; controlador_principal:controlador|coluna1_ataque_bem_sucedido[4] ; controlador_principal:controlador|coluna1_saida[4]      ; 1.745             ;
; controlador_principal:controlador|coluna1_ataque_bem_sucedido[0] ; controlador_principal:controlador|coluna1_saida[0]      ; 1.632             ;
+------------------------------------------------------------------+---------------------------------------------------------+-------------------+
Note: This table only shows the top 20 path(s) that have the largest delay added for hold.


+-----------------+
; Fitter Messages ;
+-----------------+
Warning (18236): Number of processors has not been specified which may cause overloading on shared machines.  Set the global assignment NUM_PARALLEL_PROCESSORS in your QSF to an appropriate value for best performance.
Info (20030): Parallel compilation is enabled and will use 2 of the 2 processors detected
Info (119006): Selected device EPM240T100C5 for design "p2_03"
Info (21077): Low junction temperature is 0 degrees C
Info (21077): High junction temperature is 85 degrees C
Info (171003): Fitter is performing an Auto Fit compilation, which may decrease Fitter effort to reduce compilation time
Warning (292013): Feature LogicLock is only available with a valid subscription license. You can purchase a software subscription to gain full access to this feature.
Info (176444): Device migration not selected. If you intend to use device migration later, you may need to change the pin assignments as they may be incompatible with other devices
    Info (176445): Device EPM240T100I5 is compatible
    Info (176445): Device EPM240T100A5 is compatible
    Info (176445): Device EPM570T100C5 is compatible
    Info (176445): Device EPM570T100I5 is compatible
    Info (176445): Device EPM570T100A5 is compatible
Warning (335093): The Timing Analyzer is analyzing 34 combinational loops as latches. For more details, run the Check Timing command in the Timing Analyzer or view the "User-Specified and Inferred Latches" table in the Analysis & Synthesis report.
Critical Warning (332012): Synopsys Design Constraints File file not found: 'p2_03.sdc'. A Synopsys Design Constraints File is required by the Timing Analyzer to get proper timing constraints. Without it, the Compiler will not properly optimize the design.
Info (332144): No user constrained base clocks found in the design
Info (332128): Timing requirements not specified -- optimizing circuit to achieve the following default global requirements
    Info (332127): Assuming a default timing requirement
Info (332111): Found 6 clocks
    Info (332111):   Period   Clock Name
    Info (332111): ======== ============
    Info (332111):    1.000        clock
    Info (332111):    1.000 controlador_principal:controlador|jogo_salvo
    Info (332111):    1.000       ligado
    Info (332111):    1.000         modo
    Info (332111):    1.000 modulo_clock:comb_3|saida
    Info (332111):    1.000 tratar_botao:tratar_botao_mudar_jogo|debouncer
Info (186079): Completed User Assigned Global Signals Promotion Operation
Info (186215): Automatically promoted signal "clock" to use Global clock in PIN 12 File: D:/Documents/ProjectsQuartus/MI2023.2 P2 TESTE02/modulo_principal.v Line: 3
Info (186216): Automatically promoted some destinations of signal "modulo_clock:comb_3|saida" to use Global clock File: D:/Documents/ProjectsQuartus/MI2023.2 P2 TESTE02/modulo_clock.v Line: 10
    Info (186217): Destination "modulo_clock:comb_3|saida" may be non-global or may not use global clock File: D:/Documents/ProjectsQuartus/MI2023.2 P2 TESTE02/modulo_clock.v Line: 10
Info (186216): Automatically promoted some destinations of signal "ligado" to use Global clock File: D:/Documents/ProjectsQuartus/MI2023.2 P2 TESTE02/modulo_principal.v Line: 6
    Info (186217): Destination "controlador_principal:controlador|ledRGB[1]~3" may be non-global or may not use global clock File: D:/Documents/ProjectsQuartus/MI2023.2 P2 TESTE02/controlador_principal.v Line: 42
    Info (186217): Destination "controlador_principal:controlador|coluna1_jogo_salvo[2]" may be non-global or may not use global clock File: D:/Documents/ProjectsQuartus/MI2023.2 P2 TESTE02/controlador_principal.v Line: 115
    Info (186217): Destination "controlador_principal:controlador|coluna1_jogo_salvo[1]" may be non-global or may not use global clock File: D:/Documents/ProjectsQuartus/MI2023.2 P2 TESTE02/controlador_principal.v Line: 115
    Info (186217): Destination "controlador_principal:controlador|coluna1_jogo_salvo[0]" may be non-global or may not use global clock File: D:/Documents/ProjectsQuartus/MI2023.2 P2 TESTE02/controlador_principal.v Line: 115
    Info (186217): Destination "controlador_principal:controlador|coluna1_jogo_salvo[4]" may be non-global or may not use global clock File: D:/Documents/ProjectsQuartus/MI2023.2 P2 TESTE02/controlador_principal.v Line: 115
    Info (186217): Destination "controlador_principal:controlador|coluna1_jogo_salvo[5]" may be non-global or may not use global clock File: D:/Documents/ProjectsQuartus/MI2023.2 P2 TESTE02/controlador_principal.v Line: 115
    Info (186217): Destination "controlador_principal:controlador|coluna1_jogo_salvo[3]" may be non-global or may not use global clock File: D:/Documents/ProjectsQuartus/MI2023.2 P2 TESTE02/controlador_principal.v Line: 115
    Info (186217): Destination "controlador_principal:controlador|jogo_salvo" may be non-global or may not use global clock File: D:/Documents/ProjectsQuartus/MI2023.2 P2 TESTE02/controlador_principal.v Line: 30
    Info (186217): Destination "controlador_principal:controlador|coluna1_ataque_bem_sucedido[0]" may be non-global or may not use global clock File: D:/Documents/ProjectsQuartus/MI2023.2 P2 TESTE02/controlador_principal.v Line: 115
    Info (186217): Destination "controlador_principal:controlador|coluna1_ataque_bem_sucedido[1]" may be non-global or may not use global clock File: D:/Documents/ProjectsQuartus/MI2023.2 P2 TESTE02/controlador_principal.v Line: 115
    Info (186218): Limited to 10 non-global destinations
Info (186228): Pin "ligado" drives global clock, but is not placed in a dedicated clock pin position File: D:/Documents/ProjectsQuartus/MI2023.2 P2 TESTE02/modulo_principal.v Line: 6
Info (186216): Automatically promoted some destinations of signal "tratar_botao:tratar_botao_mudar_jogo|debouncer" to use Global clock File: D:/Documents/ProjectsQuartus/MI2023.2 P2 TESTE02/tratar_botao.v Line: 11
    Info (186217): Destination "tratar_botao:tratar_botao_mudar_jogo|debouncer" may be non-global or may not use global clock File: D:/Documents/ProjectsQuartus/MI2023.2 P2 TESTE02/tratar_botao.v Line: 11
Info (186079): Completed Auto Global Promotion Operation
Info (176234): Starting register packing
Info (186468): Started processing fast register assignments
Info (186469): Finished processing fast register assignments
Info (176235): Finished register packing
Warning (15705): Ignored locations or region assignments to the following nodes
    Warning (15706): Node "led" is assigned to location or region, but does not exist in design
Info (171121): Fitter preparation operations ending: elapsed time is 00:00:00
Info (14896): Fitter has disabled Advanced Physical Optimization because it is not supported for the current family.
Info (170189): Fitter placement preparation operations beginning
Info (170190): Fitter placement preparation operations ending: elapsed time is 00:00:00
Info (170191): Fitter placement operations beginning
Info (170137): Fitter placement was successful
Info (170192): Fitter placement operations ending: elapsed time is 00:00:00
Info (170193): Fitter routing operations beginning
Info (170089): 8e+01 ns of routing delay (approximately 5.2% of available device routing delay) has been added to meet hold timing. For more information, refer to the Estimated Delay Added for Hold Timing section in the Fitter report.
Info (170195): Router estimated average interconnect usage is 12% of the available device resources
    Info (170196): Router estimated peak interconnect usage is 12% of the available device resources in the region that extends from location X0_Y0 to location X8_Y5
Info (170199): The Fitter performed an Auto Fit compilation.  Optimizations were skipped to reduce compilation time.
    Info (170201): Optimizations that may affect the design's routability were skipped
Info (170194): Fitter routing operations ending: elapsed time is 00:00:00
Info (11888): Total time spent on timing analysis during the Fitter is 0.14 seconds.
Info (11218): Fitter post-fit operations ending: elapsed time is 00:00:00
Warning (171167): Found invalid Fitter assignments. See the Ignored Assignments panel in the Fitter Compilation Report for more information.
Warning (169064): Following 1 pins have no output enable or a GND or VCC output enable - later changes to this connectivity may change fitting results
    Info (169065): Pin botao_salvar_jogo has a permanently disabled output enable File: D:/Documents/ProjectsQuartus/MI2023.2 P2 TESTE02/modulo_principal.v Line: 5
Warning (169174): The Reserve All Unused Pins setting has not been specified, and will default to 'As output driving ground'.
Info (144001): Generated suppressed messages file D:/Documents/ProjectsQuartus/MI2023.2 P2 TESTE02/output_files/p2_03.fit.smsg
Info: Quartus Prime Fitter was successful. 0 errors, 9 warnings
    Info: Peak virtual memory: 5095 megabytes
    Info: Processing ended: Tue Dec  5 11:48:52 2023
    Info: Elapsed time: 00:00:02
    Info: Total CPU time (on all processors): 00:00:00


+----------------------------+
; Fitter Suppressed Messages ;
+----------------------------+
The suppressed messages can be found in D:/Documents/ProjectsQuartus/MI2023.2 P2 TESTE02/output_files/p2_03.fit.smsg.


